Archive member included to satisfy reference by file (symbol)

platform/libplatform_s.a(system_nrf91.o)
                              secure_fw/CMakeFiles/tfm_s.dir/__/platform/ext/target/nordic_nrf/common/core/startup.o (SystemInit)
secure_fw/partitions/lib/runtime/libtfm_sprt.a(crt_memset.o)
                              c:/ncs/toolchains/c57af46cb7/opt/zephyr-sdk/arm-zephyr-eabi/bin/../lib/gcc/arm-zephyr-eabi/12.2.0/../../../../arm-zephyr-eabi/lib/thumb/v8-m.main/nofp/crt0.o (memset)
secure_fw/partitions/lib/runtime/libtfm_sprt.a(psa_api_ipc.o)
                              secure_fw/CMakeFiles/tfm_s.dir/partitions/ns_agent_tz/psa_api_veneers_v80m.o (psa_framework_version)
secure_fw/partitions/lib/runtime/libtfm_sprt.a(sprt_partition_metadata_indicator.o)
                              secure_fw/partitions/lib/runtime/libtfm_sprt.a(psa_api_ipc.o) (p_partition_metadata)
secure_fw/spm/libtfm_spm.a(utilities.o)
                              secure_fw/CMakeFiles/tfm_s.dir/__/platform/ext/target/nordic_nrf/common/core/startup.o (tfm_core_panic)
secure_fw/spm/libtfm_spm.a(main.o)
                              c:/ncs/toolchains/c57af46cb7/opt/zephyr-sdk/arm-zephyr-eabi/bin/../lib/gcc/arm-zephyr-eabi/12.2.0/../../../../arm-zephyr-eabi/lib/thumb/v8-m.main/nofp/crt0.o (main)
secure_fw/spm/libtfm_spm.a(tfm_core_svcalls_ipc.o)
                              secure_fw/spm/libtfm_spm.a(main.o) (tfm_core_handler_mode)
secure_fw/spm/libtfm_spm.a(tfm_arch_v8m_main.o)
                              secure_fw/spm/libtfm_spm.a(main.o) (tfm_arch_set_secure_exception_priorities)
secure_fw/spm/libtfm_spm.a(ns_agent_tz_v80m.o)
                              secure_fw/CMakeFiles/tfm_s.dir/partitions/ns_agent_tz/load_info_ns_agent_tz.o (ns_agent_tz_main)
secure_fw/spm/libtfm_spm.a(tfm_hal_isolation.o)
                              secure_fw/spm/libtfm_spm.a(main.o) (tfm_hal_set_up_static_boundaries)
secure_fw/spm/libtfm_spm.a(faults.o)
                              secure_fw/CMakeFiles/tfm_s.dir/__/platform/ext/target/nordic_nrf/common/core/startup_nrf91.o (SPU_IRQHandler)
secure_fw/spm/libtfm_spm.a(target_cfg.o)
                              secure_fw/spm/libtfm_spm.a(tfm_hal_isolation.o) (memory_regions)
secure_fw/spm/libtfm_spm.a(tfm_boot_data.o)
                              secure_fw/spm/libtfm_spm.a(main.o) (tfm_core_validate_boot_data)
secure_fw/spm/libtfm_spm.a(tfm_arch.o)
                              secure_fw/spm/libtfm_spm.a(tfm_core_svcalls_ipc.o) (tfm_arch_free_msp_and_exc_ret)
secure_fw/spm/libtfm_spm.a(spm_ipc.o)
                              secure_fw/spm/libtfm_spm.a(tfm_boot_data.o) (tfm_spm_partition_get_running_partition_id)
secure_fw/spm/libtfm_spm.a(spm_cross_call.o)
                              secure_fw/spm/libtfm_spm.a(tfm_arch_v8m_main.o) (cross_call_entering_c)
secure_fw/spm/libtfm_spm.a(rom_loader.o)
                              secure_fw/spm/libtfm_spm.a(spm_ipc.o) (load_a_partition_assuredly)
secure_fw/spm/libtfm_spm.a(psa_api.o)
                              secure_fw/spm/libtfm_spm.a(tfm_core_svcalls_ipc.o) (spm_handle_programmer_errors)
secure_fw/spm/libtfm_spm.a(backend_ipc.o)
                              secure_fw/spm/libtfm_spm.a(spm_ipc.o) (partition_listhead)
secure_fw/spm/libtfm_spm.a(tfm_pools.o)
                              secure_fw/spm/libtfm_spm.a(spm_ipc.o) (tfm_pool_init)
secure_fw/spm/libtfm_spm.a(thread.o)
                              secure_fw/spm/libtfm_spm.a(tfm_boot_data.o) (p_curr_thrd)
secure_fw/spm/libtfm_spm.a(tfm_spm_ns_ctx.o)
                              secure_fw/spm/libtfm_spm.a(spm_ipc.o) (tfm_nspm_get_current_client_id)
secure_fw/spm/libtfm_spm.a(tfm_hal_platform_common.o)
                              secure_fw/spm/libtfm_spm.a(tfm_spm_ns_ctx.o) (tfm_hal_get_ns_VTOR)
secure_fw/partitions/crypto/libtfm_psa_rot_partition_crypto.a(crypto_init.o)
                              secure_fw/CMakeFiles/tfm_s.dir/__/generated/secure_fw/partitions/crypto/auto_generated/load_info_tfm_crypto.o (tfm_crypto_init)
secure_fw/partitions/crypto/libtfm_psa_rot_partition_crypto.a(crypto_alloc.o)
                              secure_fw/partitions/crypto/libtfm_psa_rot_partition_crypto.a(crypto_init.o) (tfm_crypto_init_alloc)
secure_fw/partitions/crypto/libtfm_psa_rot_partition_crypto.a(crypto_cipher.o)
                              secure_fw/partitions/crypto/libtfm_psa_rot_partition_crypto.a(crypto_init.o) (tfm_crypto_cipher_interface)
secure_fw/partitions/crypto/libtfm_psa_rot_partition_crypto.a(crypto_hash.o)
                              secure_fw/partitions/crypto/libtfm_psa_rot_partition_crypto.a(crypto_init.o) (tfm_crypto_hash_interface)
secure_fw/partitions/crypto/libtfm_psa_rot_partition_crypto.a(crypto_mac.o)
                              secure_fw/partitions/crypto/libtfm_psa_rot_partition_crypto.a(crypto_init.o) (tfm_crypto_mac_interface)
secure_fw/partitions/crypto/libtfm_psa_rot_partition_crypto.a(crypto_aead.o)
[...]
Memory Configuration

Name             Origin             Length             Attributes
FLASH            0x0000000000000000 0x0000000000010000 xr
RAM              0x0000000020000000 0x0000000000008000 xrw
*default*        0x0000000000000000 0xffffffffffffffff

Linker script and memory map

LOAD c:/ncs/toolchains/c57af46cb7/opt/zephyr-sdk/arm-zephyr-eabi/bin/../lib/gcc/arm-zephyr-eabi/12.2.0/thumb/v8-m.main/nofp/crti.o
LOAD c:/ncs/toolchains/c57af46cb7/opt/zephyr-sdk/arm-zephyr-eabi/bin/../lib/gcc/arm-zephyr-eabi/12.2.0/thumb/v8-m.main/nofp/crtbegin.o
LOAD c:/ncs/toolchains/c57af46cb7/opt/zephyr-sdk/arm-zephyr-eabi/bin/../lib/gcc/arm-zephyr-eabi/12.2.0/../../../../arm-zephyr-eabi/lib/thumb/v8-m.main/nofp/crt0.o
LOAD secure_fw/CMakeFiles/tfm_s.dir/partitions/ns_agent_tz/psa_api_veneers_v80m.o
LOAD secure_fw/CMakeFiles/tfm_s.dir/__/platform/ext/target/nordic_nrf/common/core/startup.o
LOAD secure_fw/CMakeFiles/tfm_s.dir/__/platform/ext/target/nordic_nrf/common/core/startup_nrf91.o
LOAD secure_fw/CMakeFiles/tfm_s.dir/__/platform/ext/common/faults.o
LOAD secure_fw/CMakeFiles/tfm_s.dir/__/generated/secure_fw/partitions/crypto/auto_generated/load_info_tfm_crypto.o
LOAD secure_fw/CMakeFiles/tfm_s.dir/__/generated/secure_fw/partitions/platform/auto_generated/load_info_tfm_platform.o
LOAD secure_fw/CMakeFiles/tfm_s.dir/partitions/ns_agent_tz/load_info_ns_agent_tz.o
LOAD secure_fw/CMakeFiles/tfm_s.dir/__/platform/ext/common/syscalls_stub.o
LOAD platform/libplatform_s.a
LOAD secure_fw/partitions/lib/runtime/libtfm_sprt.a
LOAD secure_fw/spm/libtfm_spm.a
LOAD secure_fw/partitions/crypto/libtfm_psa_rot_partition_crypto.a
LOAD platform/libplatform_crypto_keys.a
LOAD secure_fw/partitions/crypto/mbedcrypto/nrf_security_src/libcrypto_service_mbedcrypto.a
LOAD secure_fw/partitions/platform/libtfm_psa_rot_partition_platform.a
LOAD platform/libplatform_s.a
LOAD secure_fw/partitions/lib/runtime/libtfm_sprt.a
LOAD secure_fw/spm/libtfm_spm.a
LOAD secure_fw/partitions/crypto/libtfm_psa_rot_partition_crypto.a
LOAD platform/libplatform_crypto_keys.a
LOAD secure_fw/partitions/crypto/mbedcrypto/nrf_security_src/libcrypto_service_mbedcrypto.a
LOAD secure_fw/partitions/platform/libtfm_psa_rot_partition_platform.a
LOAD platform/libplatform_s.a
LOAD secure_fw/partitions/lib/runtime/libtfm_sprt.a
LOAD secure_fw/spm/libtfm_spm.a
LOAD secure_fw/partitions/crypto/libtfm_psa_rot_partition_crypto.a
LOAD platform/libplatform_crypto_keys.a
LOAD secure_fw/partitions/crypto/mbedcrypto/nrf_security_src/libcrypto_service_mbedcrypto.a
LOAD secure_fw/partitions/platform/libtfm_psa_rot_partition_platform.a
LOAD C:/ncs/v2.5.0/nrfxlib/crypto/nrf_cc310_platform/lib/cortex-m33/soft-float/no-interrupts/libnrf_cc310_platform_0.9.18.a
LOAD C:/ncs/v2.5.0/nrfxlib/crypto/nrf_oberon/lib/cortex-m33/soft-float/liboberon_mbedtls_3.0.13.a
LOAD secure_fw/partitions/crypto/mbedcrypto/nrf_security_src/libmbedcrypto_base.a
LOAD C:/ncs/v2.5.0/nrfxlib/crypto/nrf_oberon/lib/cortex-m33/soft-float/liboberon_3.0.13.a
LOAD c:/ncs/toolchains/c57af46cb7/opt/zephyr-sdk/arm-zephyr-eabi/bin/../lib/gcc/arm-zephyr-eabi/12.2.0/../../../../arm-zephyr-eabi/lib/thumb/v8-m.main/nofp\libc_nano.a
START GROUP
LOAD c:/ncs/toolchains/c57af46cb7/opt/zephyr-sdk/arm-zephyr-eabi/bin/../lib/gcc/arm-zephyr-eabi/12.2.0/thumb/v8-m.main/nofp\libgcc.a
LOAD c:/ncs/toolchains/c57af46cb7/opt/zephyr-sdk/arm-zephyr-eabi/bin/../lib/gcc/arm-zephyr-eabi/12.2.0/../../../../arm-zephyr-eabi/lib/thumb/v8-m.main/nofp\libg_nano.a
LOAD c:/ncs/toolchains/c57af46cb7/opt/zephyr-sdk/arm-zephyr-eabi/bin/../lib/gcc/arm-zephyr-eabi/12.2.0/../../../../arm-zephyr-eabi/lib/thumb/v8-m.main/nofp\libc_nano.a
END GROUP
START GROUP
LOAD c:/ncs/toolchains/c57af46cb7/opt/zephyr-sdk/arm-zephyr-eabi/bin/../lib/gcc/arm-zephyr-eabi/12.2.0/thumb/v8-m.main/nofp\libgcc.a
LOAD c:/ncs/toolchains/c57af46cb7/opt/zephyr-sdk/arm-zephyr-eabi/bin/../lib/gcc/arm-zephyr-eabi/12.2.0/../../../../arm-zephyr-eabi/lib/thumb/v8-m.main/nofp\libc_nano.a
END GROUP
LOAD c:/ncs/toolchains/c57af46cb7/opt/zephyr-sdk/arm-zephyr-eabi/bin/../lib/gcc/arm-zephyr-eabi/12.2.0/thumb/v8-m.main/nofp/crtend.o
LOAD c:/ncs/toolchains/c57af46cb7/opt/zephyr-sdk/arm-zephyr-eabi/bin/../lib/gcc/arm-zephyr-eabi/12.2.0/thumb/v8-m.main/nofp/crtn.o
                0x0000000000000800                __msp_stack_size__ = 0x800
START GROUP
LOAD c:/ncs/toolchains/c57af46cb7/opt/zephyr-sdk/arm-zephyr-eabi/bin/../lib/gcc/arm-zephyr-eabi/12.2.0/thumb/v8-m.main/nofp\libgcc.a
LOAD c:/ncs/toolchains/c57af46cb7/opt/zephyr-sdk/arm-zephyr-eabi/bin/../lib/gcc/arm-zephyr-eabi/12.2.0/../../../../arm-zephyr-eabi/lib/thumb/v8-m.main/nofp\libc.a
LOAD c:/ncs/toolchains/c57af46cb7/opt/zephyr-sdk/arm-zephyr-eabi/bin/../lib/gcc/arm-zephyr-eabi/12.2.0/../../../../arm-zephyr-eabi/lib/thumb/v8-m.main/nofp\libm.a
LOAD c:/ncs/toolchains/c57af46cb7/opt/zephyr-sdk/arm-zephyr-eabi/bin/../lib/gcc/arm-zephyr-eabi/12.2.0/../../../../arm-zephyr-eabi/lib/thumb/v8-m.main/nofp\libnosys.a
LOAD c:/ncs/toolchains/c57af46cb7/opt/zephyr-sdk/arm-zephyr-eabi/bin/../lib/gcc/arm-zephyr-eabi/12.2.0/../../../../arm-zephyr-eabi/lib/thumb/v8-m.main/nofp\libc_nano.a
END GROUP

.TFM_VECTORS    0x0000000000000000      0x144
                0x0000000000000000                __vectors_start__ = .
 *(.vectors)
 .vectors       0x0000000000000000      0x144 secure_fw/CMakeFiles/tfm_s.dir/__/platform/ext/target/nordic_nrf/common/core/startup_nrf91.o
                0x0000000000000000                __Vectors
                0x0000000000000144                . = ALIGN (0x4)
                0x0000000000000144                __vectors_end__ = .
                0x0000000000000001                ASSERT ((. <= (ADDR (.TFM_VECTORS) + 0x144)), .TFM_VECTORS section size overflow.)
                0x0000000000000144                . = (ADDR (.TFM_VECTORS) + 0x144)

.copy.table     0x0000000000000144       0x24
                0x0000000000000144                __copy_table_start__ = .
                0x0000000000000144        0x4 LONG 0xfc40 LOADADDR (.TFM_DATA)
                0x0000000000000148        0x4 LONG 0x20002e20 ADDR (.TFM_DATA)
                0x000000000000014c        0x4 LONG 0x43 (SIZEOF (.TFM_DATA) / 0x4)
                0x0000000000000150        0x4 LONG 0x55e0 LOADADDR (.TFM_PSA_ROT_LINKER_DATA)
                0x0000000000000154        0x4 LONG 0x20001c40 ADDR (.TFM_PSA_ROT_LINKER_DATA)
                0x0000000000000158        0x4 LONG 0x0 (SIZEOF (.TFM_PSA_ROT_LINKER_DATA) / 0x4)
                0x000000000000015c        0x4 LONG 0x55e0 LOADADDR (.TFM_APP_ROT_LINKER_DATA)
                0x0000000000000160        0x4 LONG 0x20001c20 ADDR (.TFM_APP_ROT_LINKER_DATA)
                0x0000000000000164        0x4 LONG 0x0 (SIZEOF (.TFM_APP_ROT_LINKER_DATA) / 0x4)
                0x0000000000000168                __copy_table_end__ = .

.zero.table     0x0000000000000168       0x20
                0x0000000000000168                __zero_table_start__ = .
                0x0000000000000168        0x4 LONG 0x20002f40 ADDR (.TFM_BSS)
                0x000000000000016c        0x4 LONG 0x6a2 (SIZEOF (.TFM_BSS) / 0x4)
                0x0000000000000170        0x4 LONG 0x20001c40 ADDR (.TFM_PSA_ROT_LINKER_BSS)
                0x0000000000000174        0x4 LONG 0x478 (SIZEOF (.TFM_PSA_ROT_LINKER_BSS) / 0x4)
                0x0000000000000178        0x4 LONG 0x20001c20 ADDR (.TFM_APP_ROT_LINKER_BSS)
                0x000000000000017c        0x4 LONG 0x8 (SIZEOF (.TFM_APP_ROT_LINKER_BSS) / 0x4)
                0x0000000000000180        0x4 LONG 0x20001c00 ADDR (.TFM_SP_META_PTR)
                0x0000000000000184        0x4 LONG 0x8 (SIZEOF (.TFM_SP_META_PTR) / 0x4)
                0x0000000000000188                __zero_table_end__ = .

.TFM_SP_LOAD_LIST
                0x0000000000000188       0xc4
 *(.part_load_priority_lowest)
 .part_load_priority_lowest
                0x0000000000000188       0x30 secure_fw/CMakeFiles/tfm_s.dir/partitions/ns_agent_tz/load_info_ns_agent_tz.o
                0x0000000000000188                tfm_sp_ns_agent_tz_load
 *(.part_load_priority_low)
 *(.part_load_priority_normal)
 .part_load_priority_normal
                0x00000000000001b8       0x4c secure_fw/CMakeFiles/tfm_s.dir/__/generated/secure_fw/partitions/crypto/auto_generated/load_info_tfm_crypto.o
                0x00000000000001b8                tfm_sp_crypto_load
 .part_load_priority_normal
                0x0000000000000204       0x48 secure_fw/CMakeFiles/tfm_s.dir/__/generated/secure_fw/partitions/platform/auto_generated/load_info_tfm_platform.o
                0x0000000000000204                tfm_sp_platform_load
 *(.part_load_priority_high)
                0x0000000000000188                Image$$TFM_SP_LOAD_LIST$$RO$$Base = ADDR (.TFM_SP_LOAD_LIST)
                0x000000000000024c                Image$$TFM_SP_LOAD_LIST$$RO$$Limit = (ADDR (.TFM_SP_LOAD_LIST) + SIZEOF (.TFM_SP_LOAD_LIST))
                0x0000000000000260                . = ALIGN (0x20)
                0x0000000000000260                Image$$TFM_PSA_CODE_START$$Base = .

.TFM_PSA_ROT_LINKER
                0x0000000000000260      0xb40
 *tfm_psa_rot_partition*:*(.text*)
 .text.tfm_crypto_set_scratch_owner
                0x0000000000000260       0x20 secure_fw/partitions/crypto/libtfm_psa_rot_partition_crypto.a(crypto_init.o)
 .text.tfm_crypto_get_scratch_owner
                0x0000000000000280       0x24 secure_fw/partitions/crypto/libtfm_psa_rot_partition_crypto.a(crypto_init.o)
 .text.tfm_crypto_alloc_scratch
                0x00000000000002a4       0x58 secure_fw/partitions/crypto/libtfm_psa_rot_partition_crypto.a(crypto_init.o)
 .text.tfm_crypto_clear_scratch
                0x00000000000002fc       0x2c secure_fw/partitions/crypto/libtfm_psa_rot_partition_crypto.a(crypto_init.o)
 .text.tfm_crypto_set_caller_id
                0x0000000000000328       0x16 secure_fw/partitions/crypto/libtfm_psa_rot_partition_crypto.a(crypto_init.o)
 .text.tfm_crypto_get_caller_id
                0x000000000000033e       0x18 secure_fw/partitions/crypto/libtfm_psa_rot_partition_crypto.a(crypto_init.o)
                0x000000000000033e                tfm_crypto_get_caller_id
 .text.tfm_crypto_init_iovecs
                0x0000000000000356       0xea secure_fw/partitions/crypto/libtfm_psa_rot_partition_crypto.a(crypto_init.o)
 .text.tfm_crypto_call_srv
                0x0000000000000440      0x152 secure_fw/partitions/crypto/libtfm_psa_rot_partition_crypto.a(crypto_init.o)
 .text.tfm_crypto_engine_init
                0x0000000000000592       0x34 secure_fw/partitions/crypto/libtfm_psa_rot_partition_crypto.a(crypto_init.o)
 .text.tfm_crypto_module_init
                0x00000000000005c6        0xe secure_fw/partitions/crypto/libtfm_psa_rot_partition_crypto.a(crypto_init.o)
 .text.tfm_crypto_init
                0x00000000000005d4       0x30 secure_fw/partitions/crypto/libtfm_psa_rot_partition_crypto.a(crypto_init.o)
                0x00000000000005d4                tfm_crypto_init
 .text.tfm_crypto_sfn
                0x0000000000000604       0x26 secure_fw/partitions/crypto/libtfm_psa_rot_partition_crypto.a(crypto_init.o)
                0x0000000000000604                tfm_crypto_sfn
 *fill*         0x000000000000062a        0x2 
 .text.tfm_crypto_api_dispatcher
                0x000000000000062c      0x154 secure_fw/partitions/crypto/libtfm_psa_rot_partition_crypto.a(crypto_init.o)
                0x000000000000062c                tfm_crypto_api_dispatcher
 .text.tfm_crypto_init_alloc
                0x0000000000000780       0x18 secure_fw/partitions/crypto/libtfm_psa_rot_partition_crypto.a(crypto_alloc.o)
                0x0000000000000780                tfm_crypto_init_alloc
 .text.tfm_crypto_cipher_interface
                0x0000000000000798       0x1a secure_fw/partitions/crypto/libtfm_psa_rot_partition_crypto.a(crypto_cipher.o)
                0x0000000000000798                tfm_crypto_cipher_interface
 .text.tfm_crypto_hash_interface
                0x00000000000007b2       0x18 secure_fw/partitions/crypto/libtfm_psa_rot_partition_crypto.a(crypto_hash.o)
                0x00000000000007b2                tfm_crypto_hash_interface
 .text.tfm_crypto_mac_interface
                0x00000000000007ca       0x1a secure_fw/partitions/crypto/libtfm_psa_rot_partition_crypto.a(crypto_mac.o)
                0x00000000000007ca                tfm_crypto_mac_interface
 .text.tfm_crypto_aead_interface
                0x00000000000007e4       0x1a secure_fw/partitions/crypto/libtfm_psa_rot_partition_crypto.a(crypto_aead.o)
                0x00000000000007e4                tfm_crypto_aead_interface
 .text.tfm_crypto_asymmetric_sign_interface
                0x00000000000007fe       0x1a secure_fw/partitions/crypto/libtfm_psa_rot_partition_crypto.a(crypto_asymmetric.o)
                0x00000000000007fe                tfm_crypto_asymmetric_sign_interface
 .text.tfm_crypto_asymmetric_encrypt_interface
                0x0000000000000818       0x1a secure_fw/partitions/crypto/libtfm_psa_rot_partition_crypto.a(crypto_asymmetric.o)
                0x0000000000000818                tfm_crypto_asymmetric_encrypt_interface
 .text.tfm_crypto_key_derivation_interface
                0x0000000000000832       0x1a secure_fw/partitions/crypto/libtfm_psa_rot_partition_crypto.a(crypto_key_derivation.o)
                0x0000000000000832                tfm_crypto_key_derivation_interface
 .text.tfm_crypto_key_management_interface
                0x000000000000084c       0x1a secure_fw/partitions/crypto/libtfm_psa_rot_partition_crypto.a(crypto_key_management.o)
                0x000000000000084c                tfm_crypto_key_management_interface
 .text.tfm_crypto_random_interface
                0x0000000000000866       0x28 secure_fw/partitions/crypto/libtfm_psa_rot_partition_crypto.a(crypto_rng.o)
                0x0000000000000866                tfm_crypto_random_interface
 .text.mbedtls_svc_key_id_make
                0x000000000000088e       0x22 secure_fw/partitions/crypto/libtfm_psa_rot_partition_crypto.a(crypto_library.o)
 .text.tfm_crypto_library_key_id_init
                0x00000000000008b0       0x20 secure_fw/partitions/crypto/libtfm_psa_rot_partition_crypto.a(crypto_library.o)
                0x00000000000008b0                tfm_crypto_library_key_id_init
 .text.tfm_crypto_library_get_info
                0x00000000000008d0       0x1c secure_fw/partitions/crypto/libtfm_psa_rot_partition_crypto.a(crypto_library.o)
                0x00000000000008d0                tfm_crypto_library_get_info
 .text.tfm_crypto_core_library_init
                0x00000000000008ec       0x18 secure_fw/partitions/crypto/libtfm_psa_rot_partition_crypto.a(crypto_library.o)
                0x00000000000008ec                tfm_crypto_core_library_init
 .text.platform_sp_system_reset
                0x0000000000000904        0xe secure_fw/partitions/platform/libtfm_psa_rot_partition_platform.a(platform_sp.o)
                0x0000000000000904                platform_sp_system_reset
 .text.platform_sp_system_reset_psa_api
                0x0000000000000912       0x16 secure_fw/partitions/platform/libtfm_psa_rot_partition_platform.a(platform_sp.o)
 .text.platform_sp_ioctl_psa_api
                0x0000000000000928      0x1c0 secure_fw/partitions/platform/libtfm_psa_rot_partition_platform.a(platform_sp.o)
 .text.tfm_platform_service_sfn
                0x0000000000000ae8       0x3c secure_fw/partitions/platform/libtfm_psa_rot_partition_platform.a(platform_sp.o)
                0x0000000000000ae8                tfm_platform_service_sfn
 .text.platform_sp_init
                0x0000000000000b24        0xe secure_fw/partitions/platform/libtfm_psa_rot_partition_platform.a(platform_sp.o)
                0x0000000000000b24                platform_sp_init
 .text.psa_set_key_id
                0x0000000000000b32       0x42 secure_fw/partitions/crypto/libtfm_psa_rot_partition_crypto.a(tfm_builtin_key_loader.o)
 .text.psa_set_key_lifetime
                0x0000000000000b74       0x28 secure_fw/partitions/crypto/libtfm_psa_rot_partition_crypto.a(tfm_builtin_key_loader.o)
 .text.psa_set_key_algorithm
                0x0000000000000b9c       0x1a secure_fw/partitions/crypto/libtfm_psa_rot_partition_crypto.a(tfm_builtin_key_loader.o)
 .text.psa_set_key_type
                0x0000000000000bb6       0x1c secure_fw/partitions/crypto/libtfm_psa_rot_partition_crypto.a(tfm_builtin_key_loader.o)
 .text.psa_set_key_bits
                0x0000000000000bd2       0x30 secure_fw/partitions/crypto/libtfm_psa_rot_partition_crypto.a(tfm_builtin_key_loader.o)
 *fill*         0x0000000000000c02        0x2 
 .text.tfm_builtin_key_loader_init
                0x0000000000000c04      0x18c secure_fw/partitions/crypto/libtfm_psa_rot_partition_crypto.a(tfm_builtin_key_loader.o)
                0x0000000000000c04                tfm_builtin_key_loader_init
 *tfm_psa_rot_partition*:*(.rodata*)
 .rodata        0x0000000000000d90        0xf secure_fw/partitions/crypto/libtfm_psa_rot_partition_crypto.a(crypto_library.o)
 *(TFM_*_PSA-ROT_ATTR_FN)
                0x0000000000000da0                . = ALIGN (0x20)
 *fill*         0x0000000000000d9f        0x1 
                0x0000000000000260                Image$$TFM_PSA_ROT_LINKER$$RO$$Base = ADDR (.TFM_PSA_ROT_LINKER)
                0x0000000000000da0                Image$$TFM_PSA_ROT_LINKER$$RO$$Limit = (ADDR (.TFM_PSA_ROT_LINKER) + SIZEOF (.TFM_PSA_ROT_LINKER))
                0x0000000000000260                Image$$TFM_PSA_ROT_LINKER$$Base = ADDR (.TFM_PSA_ROT_LINKER)
                0x0000000000000da0                Image$$TFM_PSA_ROT_LINKER$$Limit = (ADDR (.TFM_PSA_ROT_LINKER) + SIZEOF (.TFM_PSA_ROT_LINKER))
                0x0000000000000da0                Image$$TFM_PSA_CODE_END$$Base = .
                0x0000000000000da0                Image$$TFM_APP_CODE_START$$Base = .

.TFM_APP_ROT_LINKER
                0x0000000000000da0        0x0
 *tfm_app_rot_partition*:*(.text*)
 *tfm_app_rot_partition*:*(.rodata*)
 *(TFM_*_APP-ROT_ATTR_FN)
                0x0000000000000da0                . = ALIGN (0x20)
                0x0000000000000da0                Image$$TFM_APP_ROT_LINKER$$RO$$Base = ADDR (.TFM_APP_ROT_LINKER)
                0x0000000000000da0                Image$$TFM_APP_ROT_LINKER$$RO$$Limit = (ADDR (.TFM_APP_ROT_LINKER) + SIZEOF (.TFM_APP_ROT_LINKER))
                0x0000000000000da0                Image$$TFM_APP_ROT_LINKER$$Base = ADDR (.TFM_APP_ROT_LINKER)
                0x0000000000000da0                Image$$TFM_APP_ROT_LINKER$$Limit = (ADDR (.TFM_APP_ROT_LINKER) + SIZEOF (.TFM_APP_ROT_LINKER))
                0x0000000000000da0                Image$$TFM_APP_CODE_END$$Base = .

.ARM.extab
 *(.ARM.extab* .gnu.linkonce.armextab.*)
                0x0000000000000da0                __exidx_start = .

.ARM.exidx      0x0000000000000da0        0x8
 *(.ARM.exidx* .gnu.linkonce.armexidx.*)
 .ARM.exidx     0x0000000000000da0        0x8 c:/ncs/toolchains/c57af46cb7/opt/zephyr-sdk/arm-zephyr-eabi/bin/../lib/gcc/arm-zephyr-eabi/12.2.0/../../../../arm-zephyr-eabi/lib/thumb/v8-m.main/nofp/crt0.o
                                         0x10 (size before relaxing)
                0x0000000000000da8                __exidx_end = .

.ER_TFM_CODE    0x0000000000000da8     0x4820
 *startup*(.text*)
 .text.default_irq_handler
                0x0000000000000da8        0xc secure_fw/CMakeFiles/tfm_s.dir/__/platform/ext/target/nordic_nrf/common/core/startup.o
                0x0000000000000da8                default_irq_handler
 *fill*         0x0000000000000db4        0x4 
 .text.Reset_Handler
                0x0000000000000db8       0xf4 secure_fw/CMakeFiles/tfm_s.dir/__/platform/ext/target/nordic_nrf/common/core/startup.o
                0x0000000000000db8                Reset_Handler
 .text.default_tfm_IRQHandler
                0x0000000000000eac        0x8 secure_fw/CMakeFiles/tfm_s.dir/__/platform/ext/target/nordic_nrf/common/core/startup_nrf91.o
                0x0000000000000eac                TIMER2_IRQHandler
                0x0000000000000eac                DebugMon_Handler
                0x0000000000000eac                RTC0_IRQHandler
                0x0000000000000eac                SysTick_Handler
                0x0000000000000eac                PWM1_IRQHandler
                0x0000000000000eac                NMI_Handler
                0x0000000000000eac                PDM_IRQHandler
                0x0000000000000eac                default_tfm_IRQHandler
                0x0000000000000eac                IPC_IRQHandler
                0x0000000000000eac                PWM3_IRQHandler
                0x0000000000000eac                FPU_IRQHandler
                0x0000000000000eac                EGU3_IRQHandler
                0x0000000000000eac                KMU_IRQHandler
                0x0000000000000eac                CRYPTOCELL_IRQHandler
                0x0000000000000eac                I2S_IRQHandler
                0x0000000000000eac                EGU2_IRQHandler
                0x0000000000000eac                TIMER0_IRQHandler
                0x0000000000000eac                EGU4_IRQHandler
                0x0000000000000eac                EGU0_IRQHandler
                0x0000000000000eac                GPIOTE1_IRQHandler
                0x0000000000000eac                TIMER1_IRQHandler
                0x0000000000000eac                PWM2_IRQHandler
                0x0000000000000eac                EGU1_IRQHandler
                0x0000000000000eac                EGU5_IRQHandler
                0x0000000000000eac                UARTE3_SPIM3_SPIS3_TWIM3_TWIS3_IRQHandler
                0x0000000000000eac                SAADC_IRQHandler
                0x0000000000000eac                GPIOTE0_IRQHandler
                0x0000000000000eac                WDT_IRQHandler
                0x0000000000000eac                SPIM0_SPIS0_TWIM0_TWIS0_UARTE0_IRQHandler
                0x0000000000000eac                SPIM2_SPIS2_TWIM2_TWIS2_UARTE2_IRQHandler
                0x0000000000000eac                PWM0_IRQHandler
                0x0000000000000eac                RTC1_IRQHandler
                0x0000000000000eac                SPIM1_SPIS1_TWIM1_TWIS1_UARTE1_IRQHandler
                0x0000000000000eac                CLOCK_POWER_IRQHandler
 *libplatform_s*:*(.text*)
 .text.__NVIC_SystemReset
                0x0000000000000eb4       0x2c platform/libplatform_s.a(system_nrf91.o)
 .text.nrf91_errata_6
                0x0000000000000ee0       0x50 platform/libplatform_s.a(system_nrf91.o)
 .text.nrf91_errata_7
                0x0000000000000f30       0x50 platform/libplatform_s.a(system_nrf91.o)
 .text.nrf91_errata_14
                0x0000000000000f80       0x50 platform/libplatform_s.a(system_nrf91.o)
 .text.nrf91_errata_15
                0x0000000000000fd0       0x50 platform/libplatform_s.a(system_nrf91.o)
 .text.nrf91_errata_20
                0x0000000000001020       0x50 platform/libplatform_s.a(system_nrf91.o)
 .text.nrf91_errata_31
                0x0000000000001070       0x50 platform/libplatform_s.a(system_nrf91.o)
 .text.nrf91_errata_36
                0x00000000000010c0       0x60 platform/libplatform_s.a(system_nrf91.o)
 .text.nrf91_handle_approtect
                0x0000000000001120       0x54 platform/libplatform_s.a(system_nrf91.o)
 .text.SystemInit
                0x0000000000001174      0x20c platform/libplatform_s.a(system_nrf91.o)
                0x0000000000001174                SystemInit
 .text.uicr_HFXOCNT_erased
                0x0000000000001380       0x64 platform/libplatform_s.a(system_nrf91.o)
 .text.uicr_HFXOSRC_erased
                0x00000000000013e4       0x78 platform/libplatform_s.a(system_nrf91.o)
 .text.is_empty_word
                0x000000000000145c       0x2c platform/libplatform_s.a(system_nrf91.o)
 .text.nrfx_critical_section_enter
                0x0000000000001488       0x20 platform/libplatform_s.a(nrfx_glue.o)
                0x0000000000001488                nrfx_critical_section_enter
 .text.nrfx_critical_section_exit
                0x00000000000014a8       0x44 platform/libplatform_s.a(nrfx_glue.o)
                0x00000000000014a8                nrfx_critical_section_exit
 .text.mpu_armv8m_enable
                0x00000000000014ec       0x60 platform/libplatform_s.a(mpu_armv8m_drv.o)
                0x00000000000014ec                mpu_armv8m_enable
 .text.mpu_armv8m_region_enable
                0x000000000000154c       0xd8 platform/libplatform_s.a(mpu_armv8m_drv.o)
                0x000000000000154c                mpu_armv8m_region_enable
 .text.mpu_armv8m_region_disable
                0x0000000000001624       0x46 platform/libplatform_s.a(mpu_armv8m_drv.o)
                0x0000000000001624                mpu_armv8m_region_disable
 .text.mpu_armv8m_clean
                0x000000000000166a       0x3e platform/libplatform_s.a(mpu_armv8m_drv.o)
                0x000000000000166a                mpu_armv8m_clean
 .text.nrf_event_readback
                0x00000000000016a8       0x16 platform/libplatform_s.a(spu.o)
 .text.nrf_spu_event_clear
                0x00000000000016be       0x2a platform/libplatform_s.a(spu.o)
 .text.nrf_spu_int_enable
                0x00000000000016e8       0x1c platform/libplatform_s.a(spu.o)
 .text.nrf_spu_flashnsc_set
                0x0000000000001704       0xb0 platform/libplatform_s.a(spu.o)
 .text.nrf_spu_flashregion_set
                0x00000000000017b4       0x74 platform/libplatform_s.a(spu.o)
 .text.nrf_spu_ramregion_set
                0x0000000000001828       0x74 platform/libplatform_s.a(spu.o)
 .text.nrf_spu_peripheral_set
                0x000000000000189c       0xa8 platform/libplatform_s.a(spu.o)
 .text.spu_enable_interrupts
                0x0000000000001944       0x14 platform/libplatform_s.a(spu.o)
                0x0000000000001944                spu_enable_interrupts
 .text.spu_clear_events
                0x0000000000001958       0x2c platform/libplatform_s.a(spu.o)
                0x0000000000001958                spu_clear_events
 .text.spu_region_is_bootloader_region
                0x0000000000001984       0x1c platform/libplatform_s.a(spu.o)
 .text.spu_region_is_pcd_region
                0x00000000000019a0       0x1c platform/libplatform_s.a(spu.o)
 .text.spu_regions_reset_unlocked_secure
                0x00000000000019bc       0x8c platform/libplatform_s.a(spu.o)
                0x00000000000019bc                spu_regions_reset_unlocked_secure
 .text.spu_regions_flash_config
                0x0000000000001a48       0x54 platform/libplatform_s.a(spu.o)
                0x0000000000001a48                spu_regions_flash_config
 .text.spu_regions_sram_config
                0x0000000000001a9c       0x5c platform/libplatform_s.a(spu.o)
                0x0000000000001a9c                spu_regions_sram_config
 .text.spu_regions_flash_config_non_secure_callable
                0x0000000000001af8       0xc4 platform/libplatform_s.a(spu.o)
                0x0000000000001af8                spu_regions_flash_config_non_secure_callable
 .text.spu_regions_flash_get_base_address_in_region
                0x0000000000001bbc       0x16 platform/libplatform_s.a(spu.o)
                0x0000000000001bbc                spu_regions_flash_get_base_address_in_region
 .text.spu_regions_flash_get_last_address_in_region
                0x0000000000001bd2       0x1a platform/libplatform_s.a(spu.o)
                0x0000000000001bd2                spu_regions_flash_get_last_address_in_region
 .text.spu_regions_flash_get_start_id
                0x0000000000001bec        0xe platform/libplatform_s.a(spu.o)
                0x0000000000001bec                spu_regions_flash_get_start_id
 .text.spu_regions_flash_get_last_id
                0x0000000000001bfa        0xe platform/libplatform_s.a(spu.o)
                0x0000000000001bfa                spu_regions_flash_get_last_id
 .text.spu_regions_flash_get_region_size
                0x0000000000001c08       0x10 platform/libplatform_s.a(spu.o)
                0x0000000000001c08                spu_regions_flash_get_region_size
 .text.spu_regions_sram_get_base_address_in_region
                0x0000000000001c18       0x1c platform/libplatform_s.a(spu.o)
                0x0000000000001c18                spu_regions_sram_get_base_address_in_region
 .text.spu_regions_sram_get_last_address_in_region
                0x0000000000001c34       0x1e platform/libplatform_s.a(spu.o)
                0x0000000000001c34                spu_regions_sram_get_last_address_in_region
 .text.spu_regions_sram_get_start_id
                0x0000000000001c52        0xe platform/libplatform_s.a(spu.o)
                0x0000000000001c52                spu_regions_sram_get_start_id
 .text.spu_regions_sram_get_last_id
                0x0000000000001c60        0xe platform/libplatform_s.a(spu.o)
                0x0000000000001c60                spu_regions_sram_get_last_id
 .text.spu_regions_sram_get_region_size
                0x0000000000001c6e       0x10 platform/libplatform_s.a(spu.o)
                0x0000000000001c6e                spu_regions_sram_get_region_size
 *fill*         0x0000000000001c7e        0x2 
 .text.spu_peripheral_config_secure
                0x0000000000001c80       0x5c platform/libplatform_s.a(spu.o)
                0x0000000000001c80                spu_peripheral_config_secure
 .text.spu_peripheral_config_non_secure
                0x0000000000001cdc       0x5c platform/libplatform_s.a(spu.o)
                0x0000000000001cdc                spu_peripheral_config_non_secure
 .text.crypto_platform_init
                0x0000000000001d38       0x22 platform/libplatform_s.a(tfm_hal_platform.o)
 *fill*         0x0000000000001d5a        0x2 
 .text.allow_nonsecure_reset
                0x0000000000001d5c       0x3c platform/libplatform_s.a(tfm_hal_platform.o)
 .text.tfm_hal_platform_init
                0x0000000000001d98       0x34 platform/libplatform_s.a(tfm_hal_platform.o)
                0x0000000000001d98                tfm_hal_platform_init
 .text.tfm_plat_otp_init
                0x0000000000001dcc        0xe platform/libplatform_s.a(dummy_otp.o)
                0x0000000000001dcc                tfm_plat_otp_init
 .text.tfm_plat_provisioning_is_required
                0x0000000000001dda        0xe platform/libplatform_s.a(dummy_provisioning.o)
                0x0000000000001dda                tfm_plat_provisioning_is_required
 .text.tfm_plat_provisioning_perform
                0x0000000000001de8        0xe platform/libplatform_s.a(dummy_provisioning.o)
                0x0000000000001de8                tfm_plat_provisioning_perform
 .text.tfm_plat_provisioning_check_for_dummy_keys
                0x0000000000001df6        0xc platform/libplatform_s.a(dummy_provisioning.o)
                0x0000000000001df6                tfm_plat_provisioning_check_for_dummy_keys
 *fill*         0x0000000000001e02        0x2 
 .text.__NVIC_SystemReset
                0x0000000000001e04       0x2c platform/libplatform_s.a(tfm_platform_system.o)
 .text.tfm_platform_hal_system_reset
                0x0000000000001e30        0x8 platform/libplatform_s.a(tfm_platform_system.o)
                0x0000000000001e30                tfm_platform_hal_system_reset
 .text.tfm_platform_hal_ioctl
                0x0000000000001e38       0x28 platform/libplatform_s.a(tfm_platform_system.o)
                0x0000000000001e38                tfm_platform_hal_ioctl
 .text.__NVIC_SystemReset
                0x0000000000001e60       0x2c platform/libplatform_s.a(tfm_hal_reset_halt.o)
 .text.tfm_hal_system_reset
                0x0000000000001e8c        0x8 platform/libplatform_s.a(tfm_hal_reset_halt.o)
                0x0000000000001e8c                tfm_hal_system_reset
 .text.tfm_platform_hal_read_service
                0x0000000000001e94       0xe4 platform/libplatform_s.a(tfm_platform_hal_ioctl.o)
                0x0000000000001e94                tfm_platform_hal_read_service
 *libtfm_spm*:*(.text*)
 .text.tfm_core_panic
                0x0000000000001f78        0xc secure_fw/spm/libtfm_spm.a(utilities.o)
                0x0000000000001f78                tfm_core_panic
 .text.tfm_arch_set_msplim
                0x0000000000001f84       0x1e secure_fw/spm/libtfm_spm.a(main.o)
 *fill*         0x0000000000001fa2        0x2 
 .text.tfm_core_init
                0x0000000000001fa4       0x78 secure_fw/spm/libtfm_spm.a(main.o)
 .text.main     0x000000000000201c       0x3c secure_fw/spm/libtfm_spm.a(main.o)
                0x000000000000201c                main
 .text.is_return_secure_stack
                0x0000000000002058       0x24 secure_fw/spm/libtfm_spm.a(tfm_core_svcalls_ipc.o)
 .text.is_default_stacking_rules_apply
                0x000000000000207c       0x24 secure_fw/spm/libtfm_spm.a(tfm_core_svcalls_ipc.o)
 .text.tfm_arch_check_msp_sealing
                0x00000000000020a0       0x28 secure_fw/spm/libtfm_spm.a(tfm_core_svcalls_ipc.o)
 .text.tfm_core_svc_handler
                0x00000000000020c8       0xd4 secure_fw/spm/libtfm_spm.a(tfm_core_svcalls_ipc.o)
                0x00000000000020c8                tfm_core_svc_handler
 .text.tfm_core_handler_mode
                0x000000000000219c        0x6 secure_fw/spm/libtfm_spm.a(tfm_core_svcalls_ipc.o)
                0x000000000000219c                tfm_core_handler_mode
 *fill*         0x00000000000021a2        0x2 
 .text.__NVIC_SetPriority
                0x00000000000021a4       0x54 secure_fw/spm/libtfm_spm.a(tfm_arch_v8m_main.o)
 .text.arch_non_preempt_call
                0x00000000000021f8       0x68 secure_fw/spm/libtfm_spm.a(tfm_arch_v8m_main.o)
                0x00000000000021f8                arch_non_preempt_call
 .text.PendSV_Handler
                0x0000000000002260       0x54 secure_fw/spm/libtfm_spm.a(tfm_arch_v8m_main.o)
                0x0000000000002260                PendSV_Handler
 .text.SVC_Handler
                0x00000000000022b4       0x6c secure_fw/spm/libtfm_spm.a(tfm_arch_v8m_main.o)
                0x00000000000022b4                SVC_Handler
 .text.tfm_arch_set_secure_exception_priorities
                0x0000000000002320       0x68 secure_fw/spm/libtfm_spm.a(tfm_arch_v8m_main.o)
                0x0000000000002320                tfm_arch_set_secure_exception_priorities
 .text.tfm_arch_config_extensions
                0x0000000000002388        0xc secure_fw/spm/libtfm_spm.a(tfm_arch_v8m_main.o)
                0x0000000000002388                tfm_arch_config_extensions
 .text.ns_agent_tz_main
                0x0000000000002394       0x30 secure_fw/spm/libtfm_spm.a(ns_agent_tz_v80m.o)
                0x0000000000002394                ns_agent_tz_main
 .text.tfm_hal_set_up_static_boundaries
                0x00000000000023c4       0x4c secure_fw/spm/libtfm_spm.a(tfm_hal_isolation.o)
                0x00000000000023c4                tfm_hal_set_up_static_boundaries
 .text.tfm_hal_bind_boundary
                0x0000000000002410      0x158 secure_fw/spm/libtfm_spm.a(tfm_hal_isolation.o)
                0x0000000000002410                tfm_hal_bind_boundary
 .text.tfm_hal_activate_boundary
                0x0000000000002568       0x4a secure_fw/spm/libtfm_spm.a(tfm_hal_isolation.o)
                0x0000000000002568                tfm_hal_activate_boundary
 .text.accessible_to_region
                0x00000000000025b2      0x196 secure_fw/spm/libtfm_spm.a(tfm_hal_isolation.o)
 .text.tfm_hal_memory_check
                0x0000000000002748      0x124 secure_fw/spm/libtfm_spm.a(tfm_hal_isolation.o)
                0x0000000000002748                tfm_hal_memory_check
 .text.mpu_init_cfg
                0x000000000000286c      0x188 secure_fw/spm/libtfm_spm.a(tfm_hal_isolation.o)
                0x000000000000286c                mpu_init_cfg
 .text.tfm_hal_boundary_need_switch
                0x00000000000029f4       0x3a secure_fw/spm/libtfm_spm.a(tfm_hal_isolation.o)
                0x00000000000029f4                tfm_hal_boundary_need_switch
 *fill*         0x0000000000002a2e        0x2 
 .text.__NVIC_ClearPendingIRQ
                0x0000000000002a30       0x3c secure_fw/spm/libtfm_spm.a(faults.o)
 .text.spu_dump_context
                0x0000000000002a6c       0x24 secure_fw/spm/libtfm_spm.a(faults.o)
 .text.SPU_Handler
                0x0000000000002a90       0x1a secure_fw/spm/libtfm_spm.a(faults.o)
                0x0000000000002a90                SPU_Handler
 .text.SPU_IRQHandler
                0x0000000000002aaa        0x8 secure_fw/spm/libtfm_spm.a(faults.o)
                0x0000000000002aaa                SPU_IRQHandler
 *fill*         0x0000000000002ab2        0x2 
 .text.__NVIC_EnableIRQ
                0x0000000000002ab4       0x38 secure_fw/spm/libtfm_spm.a(target_cfg.o)
 .text.__NVIC_ClearPendingIRQ
                0x0000000000002aec       0x3c secure_fw/spm/libtfm_spm.a(target_cfg.o)
 .text.NVIC_ClearTargetState
                0x0000000000002b28       0x6c secure_fw/spm/libtfm_spm.a(target_cfg.o)
 .text.__NVIC_SetPriority
                0x0000000000002b94       0x54 secure_fw/spm/libtfm_spm.a(target_cfg.o)
 .text.TZ_SAU_Disable
                0x0000000000002be8       0x1c secure_fw/spm/libtfm_spm.a(target_cfg.o)
 .text.nrf_spu_dppi_config_set
                0x0000000000002c04       0x6c secure_fw/spm/libtfm_spm.a(target_cfg.o)
 .text.nrf_spu_gpio_config_set
                0x0000000000002c70       0x6c secure_fw/spm/libtfm_spm.a(target_cfg.o)
 .text.nrf_spu_extdomain_set
                0x0000000000002cdc       0x78 secure_fw/spm/libtfm_spm.a(target_cfg.o)
 .text.spu_dppi_config_non_secure
                0x0000000000002d54       0x24 secure_fw/spm/libtfm_spm.a(target_cfg.o)
 .text.spu_gpio_config_non_secure
                0x0000000000002d78       0x28 secure_fw/spm/libtfm_spm.a(target_cfg.o)
 .text.nrf_nvmc_icache_config_set
                0x0000000000002da0       0x40 secure_fw/spm/libtfm_spm.a(target_cfg.o)
 .text.nrfx_nvmc_icache_enable
                0x0000000000002de0       0x18 secure_fw/spm/libtfm_spm.a(target_cfg.o)
 .text.enable_fault_handlers
                0x0000000000002df8       0x24 secure_fw/spm/libtfm_spm.a(target_cfg.o)
                0x0000000000002df8                enable_fault_handlers
 .text.system_reset_cfg
                0x0000000000002e1c       0x34 secure_fw/spm/libtfm_spm.a(target_cfg.o)
                0x0000000000002e1c                system_reset_cfg
 .text.init_debug
                0x0000000000002e50        0xe secure_fw/spm/libtfm_spm.a(target_cfg.o)
                0x0000000000002e50                init_debug
 *fill*         0x0000000000002e5e        0x2 
 .text.nvic_interrupt_target_state_cfg
                0x0000000000002e60       0x3c secure_fw/spm/libtfm_spm.a(target_cfg.o)
                0x0000000000002e60                nvic_interrupt_target_state_cfg
 .text.nvic_interrupt_enable
                0x0000000000002e9c       0x1a secure_fw/spm/libtfm_spm.a(target_cfg.o)
                0x0000000000002e9c                nvic_interrupt_enable
 *fill*         0x0000000000002eb6        0x2 
 .text.sau_and_idau_cfg
                0x0000000000002eb8       0x1c secure_fw/spm/libtfm_spm.a(target_cfg.o)
                0x0000000000002eb8                sau_and_idau_cfg
 .text.spu_init_cfg
                0x0000000000002ed4       0x74 secure_fw/spm/libtfm_spm.a(target_cfg.o)
                0x0000000000002ed4                spu_init_cfg
 .text.spu_periph_init_cfg
                0x0000000000002f48      0x180 secure_fw/spm/libtfm_spm.a(target_cfg.o)
                0x0000000000002f48                spu_periph_init_cfg
 .text.spu_periph_configure_to_secure
                0x00000000000030c8       0x18 secure_fw/spm/libtfm_spm.a(target_cfg.o)
                0x00000000000030c8                spu_periph_configure_to_secure
 .text.tfm_core_check_boot_data_access_policy
                0x00000000000030e0       0x58 secure_fw/spm/libtfm_spm.a(tfm_boot_data.o)
 .text.tfm_core_validate_boot_data
                0x0000000000003138       0x18 secure_fw/spm/libtfm_spm.a(tfm_boot_data.o)
                0x0000000000003138                tfm_core_validate_boot_data
 .text.tfm_core_get_boot_data_handler
                0x0000000000003150       0xa8 secure_fw/spm/libtfm_spm.a(tfm_boot_data.o)
                0x0000000000003150                tfm_core_get_boot_data_handler
 .text.tfm_arch_set_psplim
                0x00000000000031f8       0x1e secure_fw/spm/libtfm_spm.a(tfm_arch.o)
 *fill*         0x0000000000003216        0x2 
 .text.arch_seal_thread_stack
                0x0000000000003218       0x3c secure_fw/spm/libtfm_spm.a(tfm_arch.o)
 .text.tfm_arch_free_msp_and_exc_ret
                0x0000000000003254        0xa secure_fw/spm/libtfm_spm.a(tfm_arch.o)
                0x0000000000003254                tfm_arch_free_msp_and_exc_ret
 .text.tfm_arch_set_context_ret_code
                0x000000000000325e       0x3e secure_fw/spm/libtfm_spm.a(tfm_arch.o)
                0x000000000000325e                tfm_arch_set_context_ret_code
 .text.tfm_arch_trigger_pendsv
                0x000000000000329c       0x1c secure_fw/spm/libtfm_spm.a(tfm_arch.o)
                0x000000000000329c                tfm_arch_trigger_pendsv
 .text.tfm_arch_init_context
                0x00000000000032b8       0x72 secure_fw/spm/libtfm_spm.a(tfm_arch.o)
                0x00000000000032b8                tfm_arch_init_context
 .text.tfm_arch_refresh_hardware_context
                0x000000000000332a       0x36 secure_fw/spm/libtfm_spm.a(tfm_arch.o)
                0x000000000000332a                tfm_arch_refresh_hardware_context
 .text.__save_disable_irq
                0x0000000000003360       0x1a secure_fw/spm/libtfm_spm.a(spm_ipc.o)
 .text.__restore_irq
                0x000000000000337a       0x18 secure_fw/spm/libtfm_spm.a(spm_ipc.o)
 *fill*         0x0000000000003392        0x2 
 .text.connection_to_handle
                0x0000000000003394       0x40 secure_fw/spm/libtfm_spm.a(spm_ipc.o)
                0x0000000000003394                connection_to_handle
 .text.handle_to_connection
                0x00000000000033d4       0x30 secure_fw/spm/libtfm_spm.a(spm_ipc.o)
                0x00000000000033d4                handle_to_connection
 .text.spm_allocate_connection
                0x0000000000003404       0x3c secure_fw/spm/libtfm_spm.a(spm_ipc.o)
                0x0000000000003404                spm_allocate_connection
 .text.spm_validate_connection
                0x0000000000003440       0x34 secure_fw/spm/libtfm_spm.a(spm_ipc.o)
                0x0000000000003440                spm_validate_connection
 .text.spm_free_connection
                0x0000000000003474       0x3c secure_fw/spm/libtfm_spm.a(spm_ipc.o)
                0x0000000000003474                spm_free_connection
 .text.spm_get_handle_by_signal
                0x00000000000034b0       0x92 secure_fw/spm/libtfm_spm.a(spm_ipc.o)
                0x00000000000034b0                spm_get_handle_by_signal
 *fill*         0x0000000000003542        0x2 
 .text.tfm_spm_get_service_by_sid
                0x0000000000003544       0x60 secure_fw/spm/libtfm_spm.a(spm_ipc.o)
                0x0000000000003544                tfm_spm_get_service_by_sid
 .text.tfm_spm_check_client_version
                0x00000000000035a4       0x64 secure_fw/spm/libtfm_spm.a(spm_ipc.o)
                0x00000000000035a4                tfm_spm_check_client_version
 .text.tfm_spm_check_authorization
                0x0000000000003608       0x9c secure_fw/spm/libtfm_spm.a(spm_ipc.o)
                0x0000000000003608                tfm_spm_check_authorization
 .text.spm_msg_handle_to_connection
                0x00000000000036a4       0x44 secure_fw/spm/libtfm_spm.a(spm_ipc.o)
                0x00000000000036a4                spm_msg_handle_to_connection
 .text.spm_fill_message
                0x00000000000036e8       0x60 secure_fw/spm/libtfm_spm.a(spm_ipc.o)
                0x00000000000036e8                spm_fill_message
 .text.tfm_spm_partition_get_running_partition_id
                0x0000000000003748       0x38 secure_fw/spm/libtfm_spm.a(spm_ipc.o)
                0x0000000000003748                tfm_spm_partition_get_running_partition_id
 .text.tfm_spm_is_ns_caller
                0x0000000000003780       0x3c secure_fw/spm/libtfm_spm.a(spm_ipc.o)
                0x0000000000003780                tfm_spm_is_ns_caller
 .text.tfm_spm_get_client_id
                0x00000000000037bc       0x38 secure_fw/spm/libtfm_spm.a(spm_ipc.o)
                0x00000000000037bc                tfm_spm_get_client_id
 .text.tfm_spm_init
                0x00000000000037f4       0x94 secure_fw/spm/libtfm_spm.a(spm_ipc.o)
                0x00000000000037f4                tfm_spm_init
 .text.update_caller_outvec_len
                0x0000000000003888       0x6e secure_fw/spm/libtfm_spm.a(spm_ipc.o)
                0x0000000000003888                update_caller_outvec_len
 *fill*         0x00000000000038f6        0x2 
 .text.cross_call_entering_c
                0x00000000000038f8       0x54 secure_fw/spm/libtfm_spm.a(spm_cross_call.o)
                0x00000000000038f8                cross_call_entering_c
 .text.cross_call_exiting_c
                0x000000000000394c       0x4c secure_fw/spm/libtfm_spm.a(spm_cross_call.o)
                0x000000000000394c                cross_call_exiting_c
 .text.spm_interface_cross_dispatcher
                0x0000000000003998       0x6c secure_fw/spm/libtfm_spm.a(spm_cross_call.o)
                0x0000000000003998                spm_interface_cross_dispatcher
 .text.tfm_allocate_partition_assuredly
                0x0000000000003a04       0x38 secure_fw/spm/libtfm_spm.a(rom_loader.o)
 .text.tfm_allocate_service_assuredly
                0x0000000000003a3c       0x50 secure_fw/spm/libtfm_spm.a(rom_loader.o)
 .text.load_a_partition_assuredly
                0x0000000000003a8c      0x144 secure_fw/spm/libtfm_spm.a(rom_loader.o)
                0x0000000000003a8c                load_a_partition_assuredly
 .text.load_services_assuredly
                0x0000000000003bd0      0x162 secure_fw/spm/libtfm_spm.a(rom_loader.o)
                0x0000000000003bd0                load_services_assuredly
 .text.load_irqs_assuredly
                0x0000000000003d32       0x12 secure_fw/spm/libtfm_spm.a(rom_loader.o)
                0x0000000000003d32                load_irqs_assuredly
 .text.__save_disable_irq
                0x0000000000003d44       0x1a secure_fw/spm/libtfm_spm.a(psa_api.o)
 .text.__restore_irq
                0x0000000000003d5e       0x18 secure_fw/spm/libtfm_spm.a(psa_api.o)
 .text.spm_handle_programmer_errors
                0x0000000000003d76       0x34 secure_fw/spm/libtfm_spm.a(psa_api.o)
                0x0000000000003d76                spm_handle_programmer_errors
 .text.tfm_spm_get_lifecycle_state
                0x0000000000003daa        0xe secure_fw/spm/libtfm_spm.a(psa_api.o)
                0x0000000000003daa                tfm_spm_get_lifecycle_state
 .text.tfm_spm_partition_psa_wait
                0x0000000000003db8       0x60 secure_fw/spm/libtfm_spm.a(psa_api.o)
                0x0000000000003db8                tfm_spm_partition_psa_wait
 .text.tfm_spm_partition_psa_get
                0x0000000000003e18       0xa0 secure_fw/spm/libtfm_spm.a(psa_api.o)
                0x0000000000003e18                tfm_spm_partition_psa_get
 .text.tfm_spm_partition_psa_reply
                0x0000000000003eb8       0xfe secure_fw/spm/libtfm_spm.a(psa_api.o)
                0x0000000000003eb8                tfm_spm_partition_psa_reply
 .text.tfm_spm_partition_psa_panic
                0x0000000000003fb6        0xc secure_fw/spm/libtfm_spm.a(psa_api.o)
                0x0000000000003fb6                tfm_spm_partition_psa_panic
 .text.__save_disable_irq
                0x0000000000003fc2       0x1a secure_fw/spm/libtfm_spm.a(backend_ipc.o)
 .text.__restore_irq
                0x0000000000003fdc       0x18 secure_fw/spm/libtfm_spm.a(backend_ipc.o)
 .text.query_state
                0x0000000000003ff4       0x8a secure_fw/spm/libtfm_spm.a(backend_ipc.o)
 *fill*         0x000000000000407e        0x2 
 .text.prv_process_metadata
                0x0000000000004080       0xcc secure_fw/spm/libtfm_spm.a(backend_ipc.o)
 .text.backend_messaging
                0x000000000000414c       0x74 secure_fw/spm/libtfm_spm.a(backend_ipc.o)
                0x000000000000414c                backend_messaging
 .text.backend_replying
                0x00000000000041c0       0x28 secure_fw/spm/libtfm_spm.a(backend_ipc.o)
                0x00000000000041c0                backend_replying
 .text.backend_init_comp_assuredly
                0x00000000000041e8      0x114 secure_fw/spm/libtfm_spm.a(backend_ipc.o)
                0x00000000000041e8                backend_init_comp_assuredly
 .text.backend_system_run
                0x00000000000042fc       0x70 secure_fw/spm/libtfm_spm.a(backend_ipc.o)
                0x00000000000042fc                backend_system_run
 .text.backend_wait_signals
                0x000000000000436c       0x48 secure_fw/spm/libtfm_spm.a(backend_ipc.o)
                0x000000000000436c                backend_wait_signals
 .text.backend_assert_signal
                0x00000000000043b4       0x3e secure_fw/spm/libtfm_spm.a(backend_ipc.o)
                0x00000000000043b4                backend_assert_signal
 *fill*         0x00000000000043f2        0x2 
 .text.ipc_schedule
                0x00000000000043f4       0xe8 secure_fw/spm/libtfm_spm.a(backend_ipc.o)
                0x00000000000043f4                ipc_schedule
 .text.tfm_pool_init
                0x00000000000044dc       0x96 secure_fw/spm/libtfm_spm.a(tfm_pools.o)
                0x00000000000044dc                tfm_pool_init
 .text.tfm_pool_alloc
                0x0000000000004572       0x46 secure_fw/spm/libtfm_spm.a(tfm_pools.o)
                0x0000000000004572                tfm_pool_alloc
 .text.tfm_pool_free
                0x00000000000045b8       0x28 secure_fw/spm/libtfm_spm.a(tfm_pools.o)
                0x00000000000045b8                tfm_pool_free
 .text.is_valid_chunk_data_in_pool
                0x00000000000045e0       0x54 secure_fw/spm/libtfm_spm.a(tfm_pools.o)
                0x00000000000045e0                is_valid_chunk_data_in_pool
 .text.thrd_set_query_callback
                0x0000000000004634       0x1c secure_fw/spm/libtfm_spm.a(thread.o)
                0x0000000000004634                thrd_set_query_callback
 .text.thrd_next
                0x0000000000004650       0x6c secure_fw/spm/libtfm_spm.a(thread.o)
                0x0000000000004650                thrd_next
 .text.insert_by_prior
                0x00000000000046bc       0x6e secure_fw/spm/libtfm_spm.a(thread.o)
 *fill*         0x000000000000472a        0x2 
 .text.thrd_start
                0x000000000000472c       0x40 secure_fw/spm/libtfm_spm.a(thread.o)
                0x000000000000472c                thrd_start
 .text.thrd_set_state
                0x000000000000476c       0x5c secure_fw/spm/libtfm_spm.a(thread.o)
                0x000000000000476c                thrd_set_state
 .text.thrd_start_scheduler
                0x00000000000047c8       0x32 secure_fw/spm/libtfm_spm.a(thread.o)
                0x00000000000047c8                thrd_start_scheduler
 .text.tfm_nspm_get_current_client_id
                0x00000000000047fa       0x10 secure_fw/spm/libtfm_spm.a(tfm_spm_ns_ctx.o)
                0x00000000000047fa                tfm_nspm_get_current_client_id
 *fill*         0x000000000000480a        0x2 
 .text.tfm_nspm_ctx_init
                0x000000000000480c       0x2c secure_fw/spm/libtfm_spm.a(tfm_spm_ns_ctx.o)
                0x000000000000480c                tfm_nspm_ctx_init
 .text.tfm_hal_platform_common_init
                0x0000000000004838       0x74 secure_fw/spm/libtfm_spm.a(tfm_hal_platform_common.o)
                0x0000000000004838                tfm_hal_platform_common_init
 .text.tfm_hal_get_ns_VTOR
                0x00000000000048ac       0x14 secure_fw/spm/libtfm_spm.a(tfm_hal_platform_common.o)
                0x00000000000048ac                tfm_hal_get_ns_VTOR
 .text.tfm_hal_get_ns_MSP
                0x00000000000048c0       0x18 secure_fw/spm/libtfm_spm.a(tfm_hal_platform_common.o)
                0x00000000000048c0                tfm_hal_get_ns_MSP
 .text.tfm_hal_get_ns_entry_point
                0x00000000000048d8       0x18 secure_fw/spm/libtfm_spm.a(tfm_hal_platform_common.o)
                0x00000000000048d8                tfm_hal_get_ns_entry_point
 .text.__save_disable_irq
                0x00000000000048f0       0x1a secure_fw/spm/libtfm_spm.a(psa_call_api.o)
 .text.__restore_irq
                0x000000000000490a       0x18 secure_fw/spm/libtfm_spm.a(psa_call_api.o)
 *fill*         0x0000000000004922        0x2 
 .text.tfm_spm_client_psa_call
                0x0000000000004924      0x3c8 secure_fw/spm/libtfm_spm.a(psa_call_api.o)
                0x0000000000004924                tfm_spm_client_psa_call
 .text.tfm_spm_client_psa_framework_version
                0x0000000000004cec       0x10 secure_fw/spm/libtfm_spm.a(psa_version_api.o)
                0x0000000000004cec                tfm_spm_client_psa_framework_version
 .text.tfm_spm_client_psa_version
                0x0000000000004cfc       0x46 secure_fw/spm/libtfm_spm.a(psa_version_api.o)
                0x0000000000004cfc                tfm_spm_client_psa_version
 *fill*         0x0000000000004d42        0x2 
 .text.tfm_spm_partition_psa_read
                0x0000000000004d44       0xe4 secure_fw/spm/libtfm_spm.a(psa_read_write_skip_api.o)
                0x0000000000004d44                tfm_spm_partition_psa_read
 .text.tfm_spm_partition_psa_skip
                0x0000000000004e28       0xaa secure_fw/spm/libtfm_spm.a(psa_read_write_skip_api.o)
                0x0000000000004e28                tfm_spm_partition_psa_skip
 *fill*         0x0000000000004ed2        0x2 
 .text.tfm_spm_partition_psa_write
                0x0000000000004ed4       0xd4 secure_fw/spm/libtfm_spm.a(psa_read_write_skip_api.o)
                0x0000000000004ed4                tfm_spm_partition_psa_write
 *libplatform_s*:*(.rodata*)
 .rodata        0x0000000000004fa8       0x81 platform/libplatform_s.a(nrfx_glue.o)
 *fill*         0x0000000000005029        0x3 
 .rodata.__func__.0
                0x000000000000502c       0x1b platform/libplatform_s.a(nrfx_glue.o)
 *fill*         0x0000000000005047        0x1 
 .rodata        0x0000000000005048      0x35c platform/libplatform_s.a(spu.o)
 .rodata.__func__.6
                0x00000000000053a4       0x18 platform/libplatform_s.a(spu.o)
 .rodata.__func__.5
                0x00000000000053bc       0x16 platform/libplatform_s.a(spu.o)
 *fill*         0x00000000000053d2        0x2 
 .rodata.__func__.4
                0x00000000000053d4       0x2d platform/libplatform_s.a(spu.o)
 *fill*         0x0000000000005401        0x3 
 .rodata.__func__.3
                0x0000000000005404       0x15 platform/libplatform_s.a(spu.o)
 *fill*         0x0000000000005419        0x3 
 .rodata.__func__.2
                0x000000000000541c       0x1d platform/libplatform_s.a(spu.o)
 *fill*         0x0000000000005439        0x3 
 .rodata.__func__.1
                0x000000000000543c       0x17 platform/libplatform_s.a(spu.o)
 *fill*         0x0000000000005453        0x1 
 .rodata.__func__.0
                0x0000000000005454       0x21 platform/libplatform_s.a(spu.o)
 *fill*         0x0000000000005475        0x3 
 .rodata.ranges
                0x0000000000005478       0x18 platform/libplatform_s.a(tfm_platform_hal_ioctl.o)
 *libtfm_spm*:*(.rodata*)
 .rodata        0x0000000000005490       0xd3 secure_fw/spm/libtfm_spm.a(target_cfg.o)
 *fill*         0x0000000000005563        0x1 
 .rodata.memory_regions
                0x0000000000005564       0x14 secure_fw/spm/libtfm_spm.a(target_cfg.o)
                0x0000000000005564                memory_regions
 .rodata.__func__.2
                0x0000000000005578       0x18 secure_fw/spm/libtfm_spm.a(target_cfg.o)
 .rodata.__func__.1
                0x0000000000005590       0x18 secure_fw/spm/libtfm_spm.a(target_cfg.o)
 .rodata.__func__.0
                0x00000000000055a8       0x16 secure_fw/spm/libtfm_spm.a(target_cfg.o)
 *fill*         0x00000000000055be        0x2 
 .rodata.access_policy_table
                0x00000000000055c0        0x8 secure_fw/spm/libtfm_spm.a(tfm_boot_data.o)

.tfm_secure_data_start
                0x0000000020000000        0x0
                0x0000000020000000                . = ABSOLUTE (0x20000000)

.tfm_bl2_shared_data
                0x0000000020000000      0x400
                0x0000000020000400                . = (. + 0x400)
 *fill*         0x0000000020000000      0x400 

.msp_stack      0x0000000020000400      0x7f8
                0x0000000020000bf8                . = (. + (__msp_stack_size__ - 0x8))
 *fill*         0x0000000020000400      0x7f8 
                0x0000000020000400                Image$$ARM_LIB_STACK$$ZI$$Base = ADDR (.msp_stack)
                0x0000000020000bf8                Image$$ARM_LIB_STACK$$ZI$$Limit = (ADDR (.msp_stack) + SIZEOF (.msp_stack))

.msp_stack_seal_res
                0x0000000020000bf8        0x8
                0x0000000020000c00                . = (. + 0x8)
 *fill*         0x0000000020000bf8        0x8 
                0x0000000020000bf8                __StackSeal = ADDR (.msp_stack_seal_res)
                0x0000000000001000                __heap_size__ = 0x1000

.heap           0x0000000020000c00     0x1000
                0x0000000020000c00                __end__ = .
                0x0000000020000c00                PROVIDE (end = .)
                0x0000000020000c00                __HeapBase = .
                0x0000000020001c00                . = (. + __heap_size__)
 *fill*         0x0000000020000c00     0x1000 
                0x0000000020001c00                __HeapLimit = .
                0x0000000020001c00                __heap_limit = .

.TFM_SP_META_PTR
                0x0000000020001c00       0x20
 *(.bss.SP_META_PTR_SPRTL_INST)
 .bss.SP_META_PTR_SPRTL_INST
                0x0000000020001c00        0x4 secure_fw/partitions/lib/runtime/libtfm_sprt.a(sprt_partition_metadata_indicator.o)
                0x0000000020001c00                p_partition_metadata
                0x0000000020001c20                . = ALIGN (0x20)
 *fill*         0x0000000020001c04       0x1c 
                0x0000000020001c00                Image$$TFM_SP_META_PTR$$ZI$$Base = ADDR (.TFM_SP_META_PTR)
                0x0000000020001c20                Image$$TFM_SP_META_PTR$$ZI$$Limit = (ADDR (.TFM_SP_META_PTR) + SIZEOF (.TFM_SP_META_PTR))
                0x0000000020001c20                . = ALIGN (0x20)
                0x0000000020001c20                Image$$TFM_APP_RW_STACK_START$$Base = .

.TFM_APP_ROT_LINKER_DATA
                0x0000000020001c20        0x0 load address 0x00000000000055e0
 *tfm_app_rot_partition*:*(.data*)
 *(TFM_*_APP-ROT_ATTR_RW)
                0x0000000020001c20                . = ALIGN (0x4)
                0x0000000020001c20                Image$$TFM_APP_ROT_LINKER_DATA$$RW$$Base = ADDR (.TFM_APP_ROT_LINKER_DATA)
                0x0000000020001c20                Image$$TFM_APP_ROT_LINKER_DATA$$RW$$Limit = (ADDR (.TFM_APP_ROT_LINKER_DATA) + SIZEOF (.TFM_APP_ROT_LINKER_DATA))

.TFM_APP_ROT_LINKER_BSS
                0x0000000020001c20       0x20
                0x0000000020001c20                start_of_TFM_APP_ROT_LINKER = .
 *tfm_app_rot_partition*:*(.bss*)
 *tfm_app_rot_partition*:*(COMMON)
 *(TFM_*_APP-ROT_ATTR_ZI)
                0x0000000020001c24                . = (. + (. - start_of_TFM_APP_ROT_LINKER)?0x0:0x4)
 *fill*         0x0000000020001c20        0x4 
                0x0000000020001c40                . = ALIGN (0x20)
 *fill*         0x0000000020001c24       0x1c 
                0x0000000020001c20                Image$$TFM_APP_ROT_LINKER_DATA$$ZI$$Base = ADDR (.TFM_APP_ROT_LINKER_BSS)
                0x0000000020001c40                Image$$TFM_APP_ROT_LINKER_DATA$$ZI$$Limit = (ADDR (.TFM_APP_ROT_LINKER_BSS) + SIZEOF (.TFM_APP_ROT_LINKER_BSS))
                0x0000000020001c40                Image$$TFM_APP_RW_STACK_END$$Base = .
                0x0000000020001c40                Image$$TFM_PSA_RW_STACK_START$$Base = .

.TFM_PSA_ROT_LINKER_DATA
                0x0000000020001c40        0x0 load address 0x00000000000055e0
 *tfm_psa_rot_partition*:*(.data*)
 *(TFM_*_PSA-ROT_ATTR_RW)
                0x0000000020001c40                . = ALIGN (0x4)
                0x0000000020001c40                Image$$TFM_PSA_ROT_LINKER_DATA$$RW$$Base = ADDR (.TFM_PSA_ROT_LINKER_DATA)
                0x0000000020001c40                Image$$TFM_PSA_ROT_LINKER_DATA$$RW$$Limit = (ADDR (.TFM_PSA_ROT_LINKER_DATA) + SIZEOF (.TFM_PSA_ROT_LINKER_DATA))

.TFM_PSA_ROT_LINKER_BSS
                0x0000000020001c40     0x11e0
                0x0000000020001c40                start_of_TFM_PSA_ROT_LINKER = .
 *tfm_psa_rot_partition*:*(.bss*)
 .bss.scratch   0x0000000020001c40      0x408 secure_fw/partitions/crypto/libtfm_psa_rot_partition_crypto.a(crypto_init.o)
 .bss.operations
                0x0000000020002048       0x28 secure_fw/partitions/crypto/libtfm_psa_rot_partition_crypto.a(crypto_alloc.o)
 .bss.mbedtls_version_full
                0x0000000020002070       0x12 secure_fw/partitions/crypto/libtfm_psa_rot_partition_crypto.a(crypto_library.o)
 *fill*         0x0000000020002082        0x2 
 .bss.mbedtls_mem_buf
                0x0000000020002084        0x1 secure_fw/partitions/crypto/libtfm_psa_rot_partition_crypto.a(crypto_library.o)
 *fill*         0x0000000020002085        0x3 
 .bss.tfm_sp_crypto_stack
                0x0000000020002088      0x800 secure_fw/partitions/crypto/libtfm_psa_rot_partition_crypto.a(intermedia_tfm_crypto.o)
                0x0000000020002088                tfm_sp_crypto_stack
 .bss.tfm_sp_platform_stack
                0x0000000020002888      0x500 secure_fw/partitions/platform/libtfm_psa_rot_partition_platform.a(intermedia_tfm_platform.o)
                0x0000000020002888                tfm_sp_platform_stack
 .bss.g_builtin_key_slots
                0x0000000020002d88       0x90 secure_fw/partitions/crypto/libtfm_psa_rot_partition_crypto.a(tfm_builtin_key_loader.o)
 *tfm_psa_rot_partition*:*(COMMON)
 *(TFM_*_PSA-ROT_ATTR_ZI)
                0x0000000020002e18                . = (. + (. - start_of_TFM_PSA_ROT_LINKER)?0x0:0x4)
                0x0000000020002e20                . = ALIGN (0x20)
 *fill*         0x0000000020002e18        0x8 
                0x0000000020001c40                Image$$TFM_PSA_ROT_LINKER_DATA$$ZI$$Base = ADDR (.TFM_PSA_ROT_LINKER_BSS)
                0x0000000020002e20                Image$$TFM_PSA_ROT_LINKER_DATA$$ZI$$Limit = (ADDR (.TFM_PSA_ROT_LINKER_BSS) + SIZEOF (.TFM_PSA_ROT_LINKER_BSS))
                0x0000000020002e20                Image$$TFM_PSA_RW_STACK_END$$Base = .

.TFM_UNPRIV_CODE
                0x00000000000055e0     0x4880
 *(SFN)
 SFN            0x00000000000055e0       0x98 secure_fw/CMakeFiles/tfm_s.dir/partitions/ns_agent_tz/psa_api_veneers_v80m.o
                0x00000000000055e0                __acle_se_tfm_psa_framework_version_veneer
                0x0000000000005602                __acle_se_tfm_psa_version_veneer
                0x0000000000005624                __acle_se_tfm_psa_call_veneer
                0x000000000000564a                __acle_se_tfm_psa_connect_veneer
                0x0000000000005660                __acle_se_tfm_psa_close_veneer
 *(.text*)
 .text          0x0000000000005678       0x88 c:/ncs/toolchains/c57af46cb7/opt/zephyr-sdk/arm-zephyr-eabi/bin/../lib/gcc/arm-zephyr-eabi/12.2.0/thumb/v8-m.main/nofp/crtbegin.o
 .text          0x0000000000005700       0x7c c:/ncs/toolchains/c57af46cb7/opt/zephyr-sdk/arm-zephyr-eabi/bin/../lib/gcc/arm-zephyr-eabi/12.2.0/../../../../arm-zephyr-eabi/lib/thumb/v8-m.main/nofp/crt0.o
                0x0000000000005700                _stack_init
                0x0000000000005708                _start
                0x0000000000005708                _mainCRTStartup
 .text.clear_caller_context
                0x000000000000577c        0xa secure_fw/CMakeFiles/tfm_s.dir/partitions/ns_agent_tz/psa_api_veneers_v80m.o
 .text.C_HardFault_Handler
                0x0000000000005786        0xc secure_fw/CMakeFiles/tfm_s.dir/__/platform/ext/common/faults.o
                0x0000000000005786                C_HardFault_Handler
 .text.HardFault_Handler
                0x0000000000005792        0x8 secure_fw/CMakeFiles/tfm_s.dir/__/platform/ext/common/faults.o
                0x0000000000005792                HardFault_Handler
 .text.C_MemManage_Handler
                0x000000000000579a        0xc secure_fw/CMakeFiles/tfm_s.dir/__/platform/ext/common/faults.o
                0x000000000000579a                C_MemManage_Handler
 .text.MemManage_Handler
                0x00000000000057a6        0x8 secure_fw/CMakeFiles/tfm_s.dir/__/platform/ext/common/faults.o
                0x00000000000057a6                MemManage_Handler
 .text.C_BusFault_Handler
                0x00000000000057ae        0xc secure_fw/CMakeFiles/tfm_s.dir/__/platform/ext/common/faults.o
                0x00000000000057ae                C_BusFault_Handler
 .text.BusFault_Handler
                0x00000000000057ba        0x8 secure_fw/CMakeFiles/tfm_s.dir/__/platform/ext/common/faults.o
                0x00000000000057ba                BusFault_Handler
 .text.C_SecureFault_Handler
                0x00000000000057c2        0xc secure_fw/CMakeFiles/tfm_s.dir/__/platform/ext/common/faults.o
                0x00000000000057c2                C_SecureFault_Handler
 .text.SecureFault_Handler
                0x00000000000057ce        0x8 secure_fw/CMakeFiles/tfm_s.dir/__/platform/ext/common/faults.o
                0x00000000000057ce                SecureFault_Handler
 .text.C_UsageFault_Handler
                0x00000000000057d6        0xc secure_fw/CMakeFiles/tfm_s.dir/__/platform/ext/common/faults.o
                0x00000000000057d6                C_UsageFault_Handler
 .text.UsageFault_Handler
                0x00000000000057e2        0x8 secure_fw/CMakeFiles/tfm_s.dir/__/platform/ext/common/faults.o
                0x00000000000057e2                UsageFault_Handler
 .text._close   0x00000000000057ea        0xc secure_fw/CMakeFiles/tfm_s.dir/__/platform/ext/common/syscalls_stub.o
                0x00000000000057ea                _close
 .text._fstat   0x00000000000057f6        0xc secure_fw/CMakeFiles/tfm_s.dir/__/platform/ext/common/syscalls_stub.o
                0x00000000000057f6                _fstat
 .text._getpid  0x0000000000005802        0xc secure_fw/CMakeFiles/tfm_s.dir/__/platform/ext/common/syscalls_stub.o
                0x0000000000005802                _getpid
 .text._isatty  0x000000000000580e        0xc secure_fw/CMakeFiles/tfm_s.dir/__/platform/ext/common/syscalls_stub.o
                0x000000000000580e                _isatty
 .text._kill    0x000000000000581a        0xc secure_fw/CMakeFiles/tfm_s.dir/__/platform/ext/common/syscalls_stub.o
                0x000000000000581a                _kill
 .text._lseek   0x0000000000005826        0xc secure_fw/CMakeFiles/tfm_s.dir/__/platform/ext/common/syscalls_stub.o
                0x0000000000005826                _lseek
 .text._read    0x0000000000005832        0xc secure_fw/CMakeFiles/tfm_s.dir/__/platform/ext/common/syscalls_stub.o
                0x0000000000005832                _read
 .text._write   0x000000000000583e        0xc secure_fw/CMakeFiles/tfm_s.dir/__/platform/ext/common/syscalls_stub.o
                0x000000000000583e                _write
 .text.memset   0x000000000000584a       0x90 secure_fw/partitions/lib/runtime/libtfm_sprt.a(crt_memset.o)
                0x000000000000584a                memset
 *fill*         0x00000000000058da        0x2 
 .text.psa_framework_version
                0x00000000000058dc       0x18 secure_fw/partitions/lib/runtime/libtfm_sprt.a(psa_api_ipc.o)
                0x00000000000058dc                psa_framework_version
 .text.psa_version
                0x00000000000058f4       0x24 secure_fw/partitions/lib/runtime/libtfm_sprt.a(psa_api_ipc.o)
                0x00000000000058f4                psa_version
 .text.tfm_psa_call_pack
                0x0000000000005918       0x30 secure_fw/partitions/lib/runtime/libtfm_sprt.a(psa_api_ipc.o)
                0x0000000000005918                tfm_psa_call_pack
 .text.psa_wait
                0x0000000000005948       0x28 secure_fw/partitions/lib/runtime/libtfm_sprt.a(psa_api_ipc.o)
                0x0000000000005948                psa_wait
 .text.psa_get  0x0000000000005970       0x28 secure_fw/partitions/lib/runtime/libtfm_sprt.a(psa_api_ipc.o)
                0x0000000000005970                psa_get
 .text.psa_read
                0x0000000000005998       0x30 secure_fw/partitions/lib/runtime/libtfm_sprt.a(psa_api_ipc.o)
                0x0000000000005998                psa_read
 .text.psa_write
                0x00000000000059c8       0x2c secure_fw/partitions/lib/runtime/libtfm_sprt.a(psa_api_ipc.o)
                0x00000000000059c8                psa_write
 .text.psa_reply
                0x00000000000059f4       0x24 secure_fw/partitions/lib/runtime/libtfm_sprt.a(psa_api_ipc.o)
                0x00000000000059f4                psa_reply
 .text.psa_panic
                0x0000000000005a18       0x18 secure_fw/partitions/lib/runtime/libtfm_sprt.a(psa_api_ipc.o)
                0x0000000000005a18                psa_panic
 .text.tfm_plat_builtin_key_get_desc_table_ptr
                0x0000000000005a30       0x14 platform/libplatform_crypto_keys.a(crypto_keys.o)
                0x0000000000005a30                tfm_plat_builtin_key_get_desc_table_ptr
 .text.verify_header
                0x0000000000005a44       0x44 secure_fw/partitions/crypto/mbedcrypto/nrf_security_src/libcrypto_service_mbedcrypto.a(memory_buffer_alloc.o)
 .text.verify_chain
                0x0000000000005a88       0x68 secure_fw/partitions/crypto/mbedcrypto/nrf_security_src/libcrypto_service_mbedcrypto.a(memory_buffer_alloc.o)
 .text.buffer_alloc_free
                0x0000000000005af0       0xe8 secure_fw/partitions/crypto/mbedcrypto/nrf_security_src/libcrypto_service_mbedcrypto.a(memory_buffer_alloc.o)
 .text.buffer_alloc_calloc
                0x0000000000005bd8      0x10c secure_fw/partitions/crypto/mbedcrypto/nrf_security_src/libcrypto_service_mbedcrypto.a(memory_buffer_alloc.o)
 .text.mbedtls_memory_buffer_alloc_init
                0x0000000000005ce4       0x64 secure_fw/partitions/crypto/mbedcrypto/nrf_security_src/libcrypto_service_mbedcrypto.a(memory_buffer_alloc.o)
                0x0000000000005ce4                mbedtls_memory_buffer_alloc_init
 .text.platform_calloc_uninit
                0x0000000000005d48        0x4 secure_fw/partitions/crypto/mbedcrypto/nrf_security_src/libcrypto_service_mbedcrypto.a(platform.o)
 .text.platform_free_uninit
                0x0000000000005d4c        0x4 secure_fw/partitions/crypto/mbedcrypto/nrf_security_src/libcrypto_service_mbedcrypto.a(platform.o)
 .text.mbedtls_free
                0x0000000000005d50        0xc secure_fw/partitions/crypto/mbedcrypto/nrf_security_src/libcrypto_service_mbedcrypto.a(platform.o)
                0x0000000000005d50                mbedtls_free
 .text.mbedtls_platform_set_calloc_free
                0x0000000000005d5c       0x1c secure_fw/partitions/crypto/mbedcrypto/nrf_security_src/libcrypto_service_mbedcrypto.a(platform.o)
                0x0000000000005d5c                mbedtls_platform_set_calloc_free
 .text.psa_wipe_key_slot
                0x0000000000005d78       0x34 secure_fw/partitions/crypto/mbedcrypto/nrf_security_src/libcrypto_service_mbedcrypto.a(psa_crypto.o)
                0x0000000000005d78                psa_wipe_key_slot
 .text.mbedcrypto__psa_generate_random
                0x0000000000005dac       0x20 secure_fw/partitions/crypto/mbedcrypto/nrf_security_src/libcrypto_service_mbedcrypto.a(psa_crypto.o)
                0x0000000000005dac                mbedcrypto__psa_generate_random
 .text.mbedcrypto__psa_crypto_init
                0x0000000000005dcc       0x58 secure_fw/partitions/crypto/mbedcrypto/nrf_security_src/libcrypto_service_mbedcrypto.a(psa_crypto.o)
                0x0000000000005dcc                mbedcrypto__psa_crypto_init
 .text.psa_initialize_key_slots
                0x0000000000005e24       0x18 secure_fw/partitions/crypto/mbedcrypto/nrf_security_src/libcrypto_service_mbedcrypto.a(psa_crypto_slot_management.o)
                0x0000000000005e24                psa_initialize_key_slots
 .text.psa_wipe_all_key_slots
                0x0000000000005e3c       0x2c secure_fw/partitions/crypto/mbedcrypto/nrf_security_src/libcrypto_service_mbedcrypto.a(psa_crypto_slot_management.o)
                0x0000000000005e3c                psa_wipe_all_key_slots
 .text.psa_driver_wrapper_init
                0x0000000000005e68        0x4 secure_fw/partitions/crypto/mbedcrypto/nrf_security_src/libcrypto_service_mbedcrypto.a(psa_crypto_driver_wrappers.o)
                0x0000000000005e68                psa_driver_wrapper_init
 .text.psa_driver_wrapper_free
                0x0000000000005e6c        0x4 secure_fw/partitions/crypto/mbedcrypto/nrf_security_src/libcrypto_service_mbedcrypto.a(psa_crypto_driver_wrappers.o)
                0x0000000000005e6c                psa_driver_wrapper_free
 .text.psa_driver_wrapper_init_random
                0x0000000000005e70        0x4 secure_fw/partitions/crypto/mbedcrypto/nrf_security_src/libcrypto_service_mbedcrypto.a(psa_crypto_driver_wrappers.o)
                0x0000000000005e70                psa_driver_wrapper_init_random
 .text.psa_driver_wrapper_get_random
                0x0000000000005e74       0x24 secure_fw/partitions/crypto/mbedcrypto/nrf_security_src/libcrypto_service_mbedcrypto.a(psa_crypto_driver_wrappers.o)
                0x0000000000005e74                psa_driver_wrapper_get_random
 .text.psa_driver_wrapper_free_random
                0x0000000000005e98        0x4 secure_fw/partitions/crypto/mbedcrypto/nrf_security_src/libcrypto_service_mbedcrypto.a(psa_crypto_driver_wrappers.o)
                0x0000000000005e98                psa_driver_wrapper_free_random
 .text.memcpy   0x0000000000005e9c       0x8c secure_fw/partitions/lib/runtime/libtfm_sprt.a(crt_memcpy.o)
                0x0000000000005e9c                memcpy
 .text.common_sfn_thread
                0x0000000000005f28       0xd0 secure_fw/partitions/lib/runtime/libtfm_sprt.a(sfn_common_thread.o)
                0x0000000000005f28                common_sfn_thread
 .text.nrf_cc3xx_platform_init
                0x0000000000005ff8       0x44 C:/ncs/v2.5.0/nrfxlib/crypto/nrf_cc310_platform/lib/cortex-m33/soft-float/no-interrupts/libnrf_cc310_platform_0.9.18.a(nrf_cc3xx_platform.c.obj)
                0x0000000000005ff8                nrf_cc3xx_platform_init
 .text.nrf_cc3xx_platform_ctr_drbg_init
                0x000000000000603c       0x60 C:/ncs/v2.5.0/nrfxlib/crypto/nrf_cc310_platform/lib/cortex-m33/soft-float/no-interrupts/libnrf_cc310_platform_0.9.18.a(nrf_cc3xx_platform_ctr_drbg.c.obj)
                0x000000000000603c                nrf_cc3xx_platform_ctr_drbg_init
 .text.nrf_cc3xx_platform_ctr_drbg_get
                0x000000000000609c       0x44 C:/ncs/v2.5.0/nrfxlib/crypto/nrf_cc310_platform/lib/cortex-m33/soft-float/no-interrupts/libnrf_cc310_platform_0.9.18.a(nrf_cc3xx_platform_ctr_drbg.c.obj)
                0x000000000000609c                nrf_cc3xx_platform_ctr_drbg_get
 .text.mbedtls_zeroize_internal
                0x00000000000060e0       0x14 C:/ncs/v2.5.0/nrfxlib/crypto/nrf_cc310_platform/lib/cortex-m33/soft-float/no-interrupts/libnrf_cc310_platform_0.9.18.a(mbedtls_common.c.obj)
                0x00000000000060e0                mbedtls_zeroize_internal
 .text.mbedtls_platform_zeroize
                0x00000000000060f4       0x14 C:/ncs/v2.5.0/nrfxlib/crypto/nrf_cc310_platform/lib/cortex-m33/soft-float/no-interrupts/libnrf_cc310_platform_0.9.18.a(mbedtls_common.c.obj)
                0x00000000000060f4                mbedtls_platform_zeroize
 .text.block_cipher_df
                0x0000000000006108      0x1cc C:/ncs/v2.5.0/nrfxlib/crypto/nrf_cc310_platform/lib/cortex-m33/soft-float/no-interrupts/libnrf_cc310_platform_0.9.18.a(ctr_drbg.c.obj)
 .text.ctr_drbg_update_internal
                0x00000000000062d4      0x148 C:/ncs/v2.5.0/nrfxlib/crypto/nrf_cc310_platform/lib/cortex-m33/soft-float/no-interrupts/libnrf_cc310_platform_0.9.18.a(ctr_drbg.c.obj)
 .text.mbedtls_ctr_drbg_reseed_internal
                0x000000000000641c       0xc4 C:/ncs/v2.5.0/nrfxlib/crypto/nrf_cc310_platform/lib/cortex-m33/soft-float/no-interrupts/libnrf_cc310_platform_0.9.18.a(ctr_drbg.c.obj)
 .text.cc_mbedtls_ctr_drbg_init
                0x00000000000064e0       0x2c C:/ncs/v2.5.0/nrfxlib/crypto/nrf_cc310_platform/lib/cortex-m33/soft-float/no-interrupts/libnrf_cc310_platform_0.9.18.a(ctr_drbg.c.obj)
                0x00000000000064e0                cc_mbedtls_ctr_drbg_init
 .text.cc_mbedtls_ctr_drbg_seed
                0x000000000000650c       0x9c C:/ncs/v2.5.0/nrfxlib/crypto/nrf_cc310_platform/lib/cortex-m33/soft-float/no-interrupts/libnrf_cc310_platform_0.9.18.a(ctr_drbg.c.obj)
                0x000000000000650c                cc_mbedtls_ctr_drbg_seed
 .text.cc_mbedtls_ctr_drbg_random_with_add
                0x00000000000065a8      0x1e4 C:/ncs/v2.5.0/nrfxlib/crypto/nrf_cc310_platform/lib/cortex-m33/soft-float/no-interrupts/libnrf_cc310_platform_0.9.18.a(ctr_drbg.c.obj)
                0x00000000000065a8                cc_mbedtls_ctr_drbg_random_with_add
 .text.entropy_update
                0x000000000000678c       0x7c C:/ncs/v2.5.0/nrfxlib/crypto/nrf_cc310_platform/lib/cortex-m33/soft-float/no-interrupts/libnrf_cc310_platform_0.9.18.a(entropy.c.obj)
 .text.entropy_gather_internal.part.0
                0x0000000000006808       0x88 C:/ncs/v2.5.0/nrfxlib/crypto/nrf_cc310_platform/lib/cortex-m33/soft-float/no-interrupts/libnrf_cc310_platform_0.9.18.a(entropy.c.obj)
 .text.cc_mbedtls_entropy_init
                0x0000000000006890       0x84 C:/ncs/v2.5.0/nrfxlib/crypto/nrf_cc310_platform/lib/cortex-m33/soft-float/no-interrupts/libnrf_cc310_platform_0.9.18.a(entropy.c.obj)
                0x0000000000006890                cc_mbedtls_entropy_init
 .text.cc_mbedtls_entropy_func
                0x0000000000006914      0x110 C:/ncs/v2.5.0/nrfxlib/crypto/nrf_cc310_platform/lib/cortex-m33/soft-float/no-interrupts/libnrf_cc310_platform_0.9.18.a(entropy.c.obj)
                0x0000000000006914                cc_mbedtls_entropy_func
 .text.RndStartupTest.constprop.0
                0x0000000000006a24       0x98 C:/ncs/v2.5.0/nrfxlib/crypto/nrf_cc310_platform/lib/cortex-m33/soft-float/no-interrupts/libnrf_cc310_platform_0.9.18.a(cc_lib.c.obj)
 .text.CC_LibInit
                0x0000000000006abc       0xc0 C:/ncs/v2.5.0/nrfxlib/crypto/nrf_cc310_platform/lib/cortex-m33/soft-float/no-interrupts/libnrf_cc310_platform_0.9.18.a(cc_lib.c.obj)
                0x0000000000006abc                CC_LibInit
 .text.CC_HalInit
                0x0000000000006b7c        0x4 C:/ncs/v2.5.0/nrfxlib/crypto/nrf_cc310_platform/lib/cortex-m33/soft-float/no-interrupts/libnrf_cc310_platform_0.9.18.a(cc_hal.c.obj)
                0x0000000000006b7c                CC_HalInit
 .text.CC_HalTerminate
                0x0000000000006b80        0x4 C:/ncs/v2.5.0/nrfxlib/crypto/nrf_cc310_platform/lib/cortex-m33/soft-float/no-interrupts/libnrf_cc310_platform_0.9.18.a(cc_hal.c.obj)
                0x0000000000006b80                CC_HalTerminate
 .text.CC_HalClearInterruptBit
                0x0000000000006b84       0x1c C:/ncs/v2.5.0/nrfxlib/crypto/nrf_cc310_platform/lib/cortex-m33/soft-float/no-interrupts/libnrf_cc310_platform_0.9.18.a(cc_hal.c.obj)
                0x0000000000006b84                CC_HalClearInterruptBit
 .text.CC_HalMaskInterrupt
                0x0000000000006ba0        0xc C:/ncs/v2.5.0/nrfxlib/crypto/nrf_cc310_platform/lib/cortex-m33/soft-float/no-interrupts/libnrf_cc310_platform_0.9.18.a(cc_hal.c.obj)
                0x0000000000006ba0                CC_HalMaskInterrupt
 .text.CC_HalWaitInterrupt
                0x0000000000006bac        0xc C:/ncs/v2.5.0/nrfxlib/crypto/nrf_cc310_platform/lib/cortex-m33/soft-float/no-interrupts/libnrf_cc310_platform_0.9.18.a(cc_hal.c.obj)
                0x0000000000006bac                CC_HalWaitInterrupt
 .text.CC_HalWaitInterruptRND
                0x0000000000006bb8        0xc C:/ncs/v2.5.0/nrfxlib/crypto/nrf_cc310_platform/lib/cortex-m33/soft-float/no-interrupts/libnrf_cc310_platform_0.9.18.a(cc_hal.c.obj)
                0x0000000000006bb8                CC_HalWaitInterruptRND
 .text.CC_PalInit
                0x0000000000006bc4       0x5c C:/ncs/v2.5.0/nrfxlib/crypto/nrf_cc310_platform/lib/cortex-m33/soft-float/no-interrupts/libnrf_cc310_platform_0.9.18.a(cc_pal.c.obj)
                0x0000000000006bc4                CC_PalInit
 .text.CC_PalTerminate
                0x0000000000006c20       0x34 C:/ncs/v2.5.0/nrfxlib/crypto/nrf_cc310_platform/lib/cortex-m33/soft-float/no-interrupts/libnrf_cc310_platform_0.9.18.a(cc_pal.c.obj)
                0x0000000000006c20                CC_PalTerminate
 .text.CC_PalDmaInit
                0x0000000000006c54        0x4 C:/ncs/v2.5.0/nrfxlib/crypto/nrf_cc310_platform/lib/cortex-m33/soft-float/no-interrupts/libnrf_cc310_platform_0.9.18.a(cc_pal_dma.c.obj)
                0x0000000000006c54                CC_PalDmaInit
 .text.CC_PalDmaTerminate
                0x0000000000006c58        0x4 C:/ncs/v2.5.0/nrfxlib/crypto/nrf_cc310_platform/lib/cortex-m33/soft-float/no-interrupts/libnrf_cc310_platform_0.9.18.a(cc_pal_dma.c.obj)
                0x0000000000006c58                CC_PalDmaTerminate
 .text.CC_PalWaitInterruptRND
                0x0000000000006c5c       0x2c C:/ncs/v2.5.0/nrfxlib/crypto/nrf_cc310_platform/lib/cortex-m33/soft-float/no-interrupts/libnrf_cc310_platform_0.9.18.a(cc_pal_interrupt_ctrl.c.obj)
                0x0000000000006c5c                CC_PalWaitInterruptRND
 .text.CC_PalWaitInterrupt
                0x0000000000006c88       0x18 C:/ncs/v2.5.0/nrfxlib/crypto/nrf_cc310_platform/lib/cortex-m33/soft-float/no-interrupts/libnrf_cc310_platform_0.9.18.a(cc_pal_interrupt_ctrl.c.obj)
                0x0000000000006c88                CC_PalWaitInterrupt
 .text.CC_PalMemCopyPlat
                0x0000000000006ca0        0x4 C:/ncs/v2.5.0/nrfxlib/crypto/nrf_cc310_platform/lib/cortex-m33/soft-float/no-interrupts/libnrf_cc310_platform_0.9.18.a(cc_pal_mem.c.obj)
                0x0000000000006ca0                CC_PalMemCopyPlat
 .text.CC_PalMemSetPlat
                0x0000000000006ca4        0x4 C:/ncs/v2.5.0/nrfxlib/crypto/nrf_cc310_platform/lib/cortex-m33/soft-float/no-interrupts/libnrf_cc310_platform_0.9.18.a(cc_pal_mem.c.obj)
                0x0000000000006ca4                CC_PalMemSetPlat
 .text.CC_PalMemSetZeroPlat
                0x0000000000006ca8        0x8 C:/ncs/v2.5.0/nrfxlib/crypto/nrf_cc310_platform/lib/cortex-m33/soft-float/no-interrupts/libnrf_cc310_platform_0.9.18.a(cc_pal_mem.c.obj)
                0x0000000000006ca8                CC_PalMemSetZeroPlat
 .text.CC_PalMutexCreate
                0x0000000000006cb0       0x14 C:/ncs/v2.5.0/nrfxlib/crypto/nrf_cc310_platform/lib/cortex-m33/soft-float/no-interrupts/libnrf_cc310_platform_0.9.18.a(cc_pal_mutex.c.obj)
                0x0000000000006cb0                CC_PalMutexCreate
 .text.CC_PalMutexDestroy
                0x0000000000006cc4       0x14 C:/ncs/v2.5.0/nrfxlib/crypto/nrf_cc310_platform/lib/cortex-m33/soft-float/no-interrupts/libnrf_cc310_platform_0.9.18.a(cc_pal_mutex.c.obj)
                0x0000000000006cc4                CC_PalMutexDestroy
 .text.CC_PalMutexLock
                0x0000000000006cd8       0x10 C:/ncs/v2.5.0/nrfxlib/crypto/nrf_cc310_platform/lib/cortex-m33/soft-float/no-interrupts/libnrf_cc310_platform_0.9.18.a(cc_pal_mutex.c.obj)
                0x0000000000006cd8                CC_PalMutexLock
 .text.CC_PalMutexUnlock
                0x0000000000006ce8       0x14 C:/ncs/v2.5.0/nrfxlib/crypto/nrf_cc310_platform/lib/cortex-m33/soft-float/no-interrupts/libnrf_cc310_platform_0.9.18.a(cc_pal_mutex.c.obj)
                0x0000000000006ce8                CC_PalMutexUnlock
 .text.CC_PalPowerSaveModeInit
                0x0000000000006cfc       0x3c C:/ncs/v2.5.0/nrfxlib/crypto/nrf_cc310_platform/lib/cortex-m33/soft-float/no-interrupts/libnrf_cc310_platform_0.9.18.a(cc_pal_pm.c.obj)
                0x0000000000006cfc                CC_PalPowerSaveModeInit
 .text.CC_PalPowerSaveModeSelect
                0x0000000000006d38       0x84 C:/ncs/v2.5.0/nrfxlib/crypto/nrf_cc310_platform/lib/cortex-m33/soft-float/no-interrupts/libnrf_cc310_platform_0.9.18.a(cc_pal_pm.c.obj)
                0x0000000000006d38                CC_PalPowerSaveModeSelect
 .text.mutex_init
                0x0000000000006dbc        0xc C:/ncs/v2.5.0/nrfxlib/crypto/nrf_cc310_platform/lib/cortex-m33/soft-float/no-interrupts/libnrf_cc310_platform_0.9.18.a(threading_alt.c.obj)
                0x0000000000006dbc                mutex_init
 .text.mutex_lock
                0x0000000000006dc8        0xc C:/ncs/v2.5.0/nrfxlib/crypto/nrf_cc310_platform/lib/cortex-m33/soft-float/no-interrupts/libnrf_cc310_platform_0.9.18.a(threading_alt.c.obj)
                0x0000000000006dc8                mutex_lock
 .text.mutex_unlock
                0x0000000000006dd4        0xc C:/ncs/v2.5.0/nrfxlib/crypto/nrf_cc310_platform/lib/cortex-m33/soft-float/no-interrupts/libnrf_cc310_platform_0.9.18.a(threading_alt.c.obj)
                0x0000000000006dd4                mutex_unlock
 .text.nrf_cc3xx_platform_abort
                0x0000000000006de0       0x24 C:/ncs/v2.5.0/nrfxlib/crypto/nrf_cc310_platform/lib/cortex-m33/soft-float/no-interrupts/libnrf_cc310_platform_0.9.18.a(nrf_cc3xx_platform_abort.c.obj)
 .text.CC_PalAbort
                0x0000000000006e04       0x34 C:/ncs/v2.5.0/nrfxlib/crypto/nrf_cc310_platform/lib/cortex-m33/soft-float/no-interrupts/libnrf_cc310_platform_0.9.18.a(nrf_cc3xx_platform_abort.c.obj)
                0x0000000000006e04                CC_PalAbort
 .text.mutex_free
                0x0000000000006e38       0x34 C:/ncs/v2.5.0/nrfxlib/crypto/nrf_cc310_platform/lib/cortex-m33/soft-float/no-interrupts/libnrf_cc310_platform_0.9.18.a(nrf_cc3xx_platform_mutex.c.obj)
 .text.mutex_lock
                0x0000000000006e6c       0x48 C:/ncs/v2.5.0/nrfxlib/crypto/nrf_cc310_platform/lib/cortex-m33/soft-float/no-interrupts/libnrf_cc310_platform_0.9.18.a(nrf_cc3xx_platform_mutex.c.obj)
 .text.mutex_unlock
                0x0000000000006eb4       0x38 C:/ncs/v2.5.0/nrfxlib/crypto/nrf_cc310_platform/lib/cortex-m33/soft-float/no-interrupts/libnrf_cc310_platform_0.9.18.a(nrf_cc3xx_platform_mutex.c.obj)
 .text.mutex_init
                0x0000000000006eec       0x20 C:/ncs/v2.5.0/nrfxlib/crypto/nrf_cc310_platform/lib/cortex-m33/soft-float/no-interrupts/libnrf_cc310_platform_0.9.18.a(nrf_cc3xx_platform_mutex.c.obj)
 .text.startTrngHW
                0x0000000000006f0c      0x140 C:/ncs/v2.5.0/nrfxlib/crypto/nrf_cc310_platform/lib/cortex-m33/soft-float/no-interrupts/libnrf_cc310_platform_0.9.18.a(llf_rnd_trng90b.c.obj)
 .text.LLF_RND_RepetitionCounterTest
                0x000000000000704c       0x64 C:/ncs/v2.5.0/nrfxlib/crypto/nrf_cc310_platform/lib/cortex-m33/soft-float/no-interrupts/libnrf_cc310_platform_0.9.18.a(llf_rnd_trng90b.c.obj)
                0x000000000000704c                LLF_RND_RepetitionCounterTest
 .text.LLF_RND_AdaptiveProportionTest
                0x00000000000070b0       0x80 C:/ncs/v2.5.0/nrfxlib/crypto/nrf_cc310_platform/lib/cortex-m33/soft-float/no-interrupts/libnrf_cc310_platform_0.9.18.a(llf_rnd_trng90b.c.obj)
                0x00000000000070b0                LLF_RND_AdaptiveProportionTest
 .text.getTrngSource
                0x0000000000007130      0x2b4 C:/ncs/v2.5.0/nrfxlib/crypto/nrf_cc310_platform/lib/cortex-m33/soft-float/no-interrupts/libnrf_cc310_platform_0.9.18.a(llf_rnd_trng90b.c.obj)
 .text.LLF_RND_GetTrngSource
                0x00000000000073e4       0x18 C:/ncs/v2.5.0/nrfxlib/crypto/nrf_cc310_platform/lib/cortex-m33/soft-float/no-interrupts/libnrf_cc310_platform_0.9.18.a(llf_rnd_trng90b.c.obj)
                0x00000000000073e4                LLF_RND_GetTrngSource
 .text.LLF_RND_RunTrngStartupTest
                0x00000000000073fc       0x1c C:/ncs/v2.5.0/nrfxlib/crypto/nrf_cc310_platform/lib/cortex-m33/soft-float/no-interrupts/libnrf_cc310_platform_0.9.18.a(llf_rnd_trng90b.c.obj)
                0x00000000000073fc                LLF_RND_RunTrngStartupTest
 .text.mbedtls_hardware_poll
                0x0000000000007418       0xfc C:/ncs/v2.5.0/nrfxlib/crypto/nrf_cc310_platform/lib/cortex-m33/soft-float/no-interrupts/libnrf_cc310_platform_0.9.18.a(trng_api.c.obj)
                0x0000000000007418                mbedtls_hardware_poll
 .text.cc_mbedtls_aes_init
                0x0000000000007514       0x20 C:/ncs/v2.5.0/nrfxlib/crypto/nrf_cc310_platform/lib/cortex-m33/soft-float/no-interrupts/libnrf_cc310_platform_0.9.18.a(aes_alt.c.obj)
                0x0000000000007514                cc_mbedtls_aes_init
 .text.cc_mbedtls_aes_free
                0x0000000000007534        0xc C:/ncs/v2.5.0/nrfxlib/crypto/nrf_cc310_platform/lib/cortex-m33/soft-float/no-interrupts/libnrf_cc310_platform_0.9.18.a(aes_alt.c.obj)
                0x0000000000007534                cc_mbedtls_aes_free
 .text.cc_mbedtls_aes_setkey_enc
                0x0000000000007540       0x34 C:/ncs/v2.5.0/nrfxlib/crypto/nrf_cc310_platform/lib/cortex-m33/soft-float/no-interrupts/libnrf_cc310_platform_0.9.18.a(aes_alt.c.obj)
                0x0000000000007540                cc_mbedtls_aes_setkey_enc
 .text.cc_mbedtls_aes_crypt_ecb
                0x0000000000007574       0x50 C:/ncs/v2.5.0/nrfxlib/crypto/nrf_cc310_platform/lib/cortex-m33/soft-float/no-interrupts/libnrf_cc310_platform_0.9.18.a(aes_alt.c.obj)
                0x0000000000007574                cc_mbedtls_aes_crypt_ecb
 .text.cc_mbedtls_sha256_init
                0x00000000000075c4       0x28 C:/ncs/v2.5.0/nrfxlib/crypto/nrf_cc310_platform/lib/cortex-m33/soft-float/no-interrupts/libnrf_cc310_platform_0.9.18.a(sha256_alt.c.obj)
                0x00000000000075c4                cc_mbedtls_sha256_init
 .text.cc_mbedtls_sha256_free
                0x00000000000075ec        0xc C:/ncs/v2.5.0/nrfxlib/crypto/nrf_cc310_platform/lib/cortex-m33/soft-float/no-interrupts/libnrf_cc310_platform_0.9.18.a(sha256_alt.c.obj)
                0x00000000000075ec                cc_mbedtls_sha256_free
 .text.cc_mbedtls_sha256_starts
                0x00000000000075f8       0x28 C:/ncs/v2.5.0/nrfxlib/crypto/nrf_cc310_platform/lib/cortex-m33/soft-float/no-interrupts/libnrf_cc310_platform_0.9.18.a(sha256_alt.c.obj)
                0x00000000000075f8                cc_mbedtls_sha256_starts
 .text.cc_mbedtls_sha256_update
                0x0000000000007620       0x54 C:/ncs/v2.5.0/nrfxlib/crypto/nrf_cc310_platform/lib/cortex-m33/soft-float/no-interrupts/libnrf_cc310_platform_0.9.18.a(sha256_alt.c.obj)
                0x0000000000007620                cc_mbedtls_sha256_update
 .text.cc_mbedtls_sha256_finish
                0x0000000000007674       0x48 C:/ncs/v2.5.0/nrfxlib/crypto/nrf_cc310_platform/lib/cortex-m33/soft-float/no-interrupts/libnrf_cc310_platform_0.9.18.a(sha256_alt.c.obj)
                0x0000000000007674                cc_mbedtls_sha256_finish
 .text.mbedtls_sha_starts_internal
                0x00000000000076bc       0x28 C:/ncs/v2.5.0/nrfxlib/crypto/nrf_cc310_platform/lib/cortex-m33/soft-float/no-interrupts/libnrf_cc310_platform_0.9.18.a(mbedtls_hash_common.c.obj)
                0x00000000000076bc                mbedtls_sha_starts_internal
 .text.mbedtls_sha_finish_internal
                0x00000000000076e4       0x5c C:/ncs/v2.5.0/nrfxlib/crypto/nrf_cc310_platform/lib/cortex-m33/soft-float/no-interrupts/libnrf_cc310_platform_0.9.18.a(mbedtls_hash_common.c.obj)
                0x00000000000076e4                mbedtls_sha_finish_internal
 .text.mbedtls_sha_update_internal
                0x0000000000007740      0x1ec C:/ncs/v2.5.0/nrfxlib/crypto/nrf_cc310_platform/lib/cortex-m33/soft-float/no-interrupts/libnrf_cc310_platform_0.9.18.a(mbedtls_hash_common.c.obj)
                0x0000000000007740                mbedtls_sha_update_internal
 .text.cc_mbedtls_sha256
                0x000000000000792c       0x50 C:/ncs/v2.5.0/nrfxlib/crypto/nrf_cc310_platform/lib/cortex-m33/soft-float/no-interrupts/libnrf_cc310_platform_0.9.18.a(sha256.c.obj)
                0x000000000000792c                cc_mbedtls_sha256
 .text.RNG_PLAT_SetUserRngParameters
                0x000000000000797c       0x74 C:/ncs/v2.5.0/nrfxlib/crypto/nrf_cc310_platform/lib/cortex-m33/soft-float/no-interrupts/libnrf_cc310_platform_0.9.18.a(cc_rng_plat.c.obj)
                0x000000000000797c                RNG_PLAT_SetUserRngParameters
 .text.CC_PalTrngParamGet
                0x00000000000079f0      0x114 C:/ncs/v2.5.0/nrfxlib/crypto/nrf_cc310_platform/lib/cortex-m33/soft-float/no-interrupts/libnrf_cc310_platform_0.9.18.a(cc_pal_trng.c.obj)
                0x00000000000079f0                CC_PalTrngParamGet
 .text.LLF_RND_WaitRngInterrupt
                0x0000000000007b04       0x20 C:/ncs/v2.5.0/nrfxlib/crypto/nrf_cc310_platform/lib/cortex-m33/soft-float/no-interrupts/libnrf_cc310_platform_0.9.18.a(llf_rnd.c.obj)
                0x0000000000007b04                LLF_RND_WaitRngInterrupt
 .text.LLF_RND_GetRoscSampleCnt
                0x0000000000007b24       0x34 C:/ncs/v2.5.0/nrfxlib/crypto/nrf_cc310_platform/lib/cortex-m33/soft-float/no-interrupts/libnrf_cc310_platform_0.9.18.a(llf_rnd.c.obj)
                0x0000000000007b24                LLF_RND_GetRoscSampleCnt
 .text.LLF_RND_GetFastestRosc
                0x0000000000007b58       0x20 C:/ncs/v2.5.0/nrfxlib/crypto/nrf_cc310_platform/lib/cortex-m33/soft-float/no-interrupts/libnrf_cc310_platform_0.9.18.a(llf_rnd.c.obj)
                0x0000000000007b58                LLF_RND_GetFastestRosc
 .text.LLF_RND_TurnOffTrng
                0x0000000000007b78       0x18 C:/ncs/v2.5.0/nrfxlib/crypto/nrf_cc310_platform/lib/cortex-m33/soft-float/no-interrupts/libnrf_cc310_platform_0.9.18.a(llf_rnd.c.obj)
                0x0000000000007b78                LLF_RND_TurnOffTrng
 .text.SetDataBuffersInfo